Archive member included because of file (symbol)

c:/program files (x86)/atmel/atmel toolchain/arm gcc/native/4.8.1443/arm-gnu-toolchain/bin/../lib/gcc/arm-none-eabi/4.8.4/armv6-m\libgcc.a(_udivsi3.o)
                              src/ASF/common2/services/delay/sam0/systick_counter.o (__aeabi_uidiv)
c:/program files (x86)/atmel/atmel toolchain/arm gcc/native/4.8.1443/arm-gnu-toolchain/bin/../lib/gcc/arm-none-eabi/4.8.4/armv6-m\libgcc.a(_dvmd_tls.o)
                              c:/program files (x86)/atmel/atmel toolchain/arm gcc/native/4.8.1443/arm-gnu-toolchain/bin/../lib/gcc/arm-none-eabi/4.8.4/armv6-m\libgcc.a(_udivsi3.o) (__aeabi_idiv0)
c:/program files (x86)/atmel/atmel toolchain/arm gcc/native/4.8.1443/arm-gnu-toolchain/bin/../lib/gcc/arm-none-eabi/4.8.4/armv6-m\libgcc.a(_muldi3.o)
                              src/ASF/sam0/drivers/sercom/sercom.o (__aeabi_lmul)
c:/program files (x86)/atmel/atmel toolchain/arm gcc/native/4.8.1443/arm-gnu-toolchain/bin/../lib/gcc/arm-none-eabi/4.8.4/armv6-m\libgcc.a(_fixunssfsi.o)
                              src/hitecServo.o (__aeabi_f2uiz)
c:/program files (x86)/atmel/atmel toolchain/arm gcc/native/4.8.1443/arm-gnu-toolchain/bin/../lib/gcc/arm-none-eabi/4.8.4/armv6-m\libgcc.a(addsf3.o)
                              src/hitecServo.o (__aeabi_fadd)
c:/program files (x86)/atmel/atmel toolchain/arm gcc/native/4.8.1443/arm-gnu-toolchain/bin/../lib/gcc/arm-none-eabi/4.8.4/armv6-m\libgcc.a(mulsf3.o)
                              src/hitecServo.o (__aeabi_fmul)
c:/program files (x86)/atmel/atmel toolchain/arm gcc/native/4.8.1443/arm-gnu-toolchain/bin/../lib/gcc/arm-none-eabi/4.8.4/armv6-m\libgcc.a(subsf3.o)
                              c:/program files (x86)/atmel/atmel toolchain/arm gcc/native/4.8.1443/arm-gnu-toolchain/bin/../lib/gcc/arm-none-eabi/4.8.4/armv6-m\libgcc.a(_fixunssfsi.o) (__aeabi_fsub)
c:/program files (x86)/atmel/atmel toolchain/arm gcc/native/4.8.1443/arm-gnu-toolchain/bin/../lib/gcc/arm-none-eabi/4.8.4/armv6-m\libgcc.a(fixsfsi.o)
                              c:/program files (x86)/atmel/atmel toolchain/arm gcc/native/4.8.1443/arm-gnu-toolchain/bin/../lib/gcc/arm-none-eabi/4.8.4/armv6-m\libgcc.a(_fixunssfsi.o) (__aeabi_f2iz)
c:/program files (x86)/atmel/atmel toolchain/arm gcc/native/4.8.1443/arm-gnu-toolchain/bin/../lib/gcc/arm-none-eabi/4.8.4/armv6-m\libgcc.a(floatsisf.o)
                              src/main.o (__aeabi_i2f)
c:/program files (x86)/atmel/atmel toolchain/arm gcc/native/4.8.1443/arm-gnu-toolchain/bin/../lib/gcc/arm-none-eabi/4.8.4/armv6-m\libgcc.a(_arm_cmpsf2.o)
                              c:/program files (x86)/atmel/atmel toolchain/arm gcc/native/4.8.1443/arm-gnu-toolchain/bin/../lib/gcc/arm-none-eabi/4.8.4/armv6-m\libgcc.a(_fixunssfsi.o) (__aeabi_fcmpge)
c:/program files (x86)/atmel/atmel toolchain/arm gcc/native/4.8.1443/arm-gnu-toolchain/bin/../lib/gcc/arm-none-eabi/4.8.4/armv6-m\libgcc.a(_clzsi2.o)
                              c:/program files (x86)/atmel/atmel toolchain/arm gcc/native/4.8.1443/arm-gnu-toolchain/bin/../lib/gcc/arm-none-eabi/4.8.4/armv6-m\libgcc.a(addsf3.o) (__clzsi2)
c:/program files (x86)/atmel/atmel toolchain/arm gcc/native/4.8.1443/arm-gnu-toolchain/bin/../lib/gcc/arm-none-eabi/4.8.4/armv6-m\libgcc.a(eqsf2.o)
                              c:/program files (x86)/atmel/atmel toolchain/arm gcc/native/4.8.1443/arm-gnu-toolchain/bin/../lib/gcc/arm-none-eabi/4.8.4/armv6-m\libgcc.a(_arm_cmpsf2.o) (__eqsf2)
c:/program files (x86)/atmel/atmel toolchain/arm gcc/native/4.8.1443/arm-gnu-toolchain/bin/../lib/gcc/arm-none-eabi/4.8.4/armv6-m\libgcc.a(gesf2.o)
                              c:/program files (x86)/atmel/atmel toolchain/arm gcc/native/4.8.1443/arm-gnu-toolchain/bin/../lib/gcc/arm-none-eabi/4.8.4/armv6-m\libgcc.a(_arm_cmpsf2.o) (__gesf2)
c:/program files (x86)/atmel/atmel toolchain/arm gcc/native/4.8.1443/arm-gnu-toolchain/bin/../lib/gcc/arm-none-eabi/4.8.4/armv6-m\libgcc.a(lesf2.o)
                              c:/program files (x86)/atmel/atmel toolchain/arm gcc/native/4.8.1443/arm-gnu-toolchain/bin/../lib/gcc/arm-none-eabi/4.8.4/armv6-m\libgcc.a(_arm_cmpsf2.o) (__lesf2)
c:/program files (x86)/atmel/atmel toolchain/arm gcc/native/4.8.1443/arm-gnu-toolchain/bin/../lib/gcc/arm-none-eabi/4.8.4/../../../../arm-none-eabi/lib/armv6-m\libc_s.a(lib_a-exit.o)
                              c:/program files (x86)/atmel/atmel toolchain/arm gcc/native/4.8.1443/arm-gnu-toolchain/bin/../lib/gcc/arm-none-eabi/4.8.4/../../../../arm-none-eabi/lib/armv6-m/crt0.o (exit)
c:/program files (x86)/atmel/atmel toolchain/arm gcc/native/4.8.1443/arm-gnu-toolchain/bin/../lib/gcc/arm-none-eabi/4.8.4/../../../../arm-none-eabi/lib/armv6-m\libc_s.a(lib_a-impure.o)
                              c:/program files (x86)/atmel/atmel toolchain/arm gcc/native/4.8.1443/arm-gnu-toolchain/bin/../lib/gcc/arm-none-eabi/4.8.4/../../../../arm-none-eabi/lib/armv6-m\libc_s.a(lib_a-exit.o) (_global_impure_ptr)
[...]
Memory Configuration

Name             Origin             Length             Attributes
rom              0x00000000         0x00040000         xr
ram              0x20000000         0x00008000         xrw
*default*        0x00000000         0xffffffff

Linker script and memory map

LOAD c:/program files (x86)/atmel/atmel toolchain/arm gcc/native/4.8.1443/arm-gnu-toolchain/bin/../lib/gcc/arm-none-eabi/4.8.4/armv6-m/crti.o
LOAD c:/program files (x86)/atmel/atmel toolchain/arm gcc/native/4.8.1443/arm-gnu-toolchain/bin/../lib/gcc/arm-none-eabi/4.8.4/armv6-m/crtbegin.o
LOAD c:/program files (x86)/atmel/atmel toolchain/arm gcc/native/4.8.1443/arm-gnu-toolchain/bin/../lib/gcc/arm-none-eabi/4.8.4/../../../../arm-none-eabi/lib/armv6-m/crt0.o
LOAD src/adc_configure.o
LOAD src/hitecServo.o
LOAD src/ASF/sam0/drivers/tcc/tcc.o
LOAD src/ASF/sam0/drivers/tcc/tcc_callback.o
LOAD src/ASF/common2/services/delay/sam0/systick_counter.o
LOAD src/ASF/sam0/drivers/adc/adc_sam_d_r/adc.o
LOAD src/ASF/sam0/drivers/adc/adc_sam_d_r/adc_callback.o
LOAD src/ASF/sam0/drivers/sercom/sercom.o
LOAD src/ASF/sam0/utils/stdio/read.o
LOAD src/ASF/sam0/utils/stdio/write.o
LOAD src/config/extUSART.o
LOAD src/ASF/sam0/drivers/sercom/usart/usart.o
LOAD src/ASF/sam0/drivers/sercom/usart/usart_interrupt.o
LOAD src/ASF/sam0/drivers/sercom/sercom_interrupt.o
LOAD src/ASF/common/utils/interrupt/interrupt_sam_nvic.o
LOAD src/ASF/sam0/boards/samd21_xplained_pro/board_init.o
LOAD src/ASF/sam0/drivers/port/port.o
LOAD src/ASF/sam0/drivers/system/clock/clock_samd21_r21/clock.o
LOAD src/ASF/sam0/drivers/system/clock/clock_samd21_r21/gclk.o
LOAD src/ASF/sam0/drivers/system/interrupt/system_interrupt.o
LOAD src/ASF/sam0/drivers/system/pinmux/pinmux.o
LOAD src/ASF/sam0/drivers/system/system.o
LOAD src/ASF/sam0/utils/cmsis/samd21/source/gcc/startup_samd21.o
LOAD src/ASF/sam0/utils/cmsis/samd21/source/system_samd21.o
LOAD src/ASF/sam0/utils/syscalls/gcc/syscalls.o
LOAD src/main.o
START GROUP
LOAD ../src/ASF/thirdparty/CMSIS/Lib/GCC\libarm_cortexM0l_math.a
LOAD c:/program files (x86)/atmel/atmel toolchain/arm gcc/native/4.8.1443/arm-gnu-toolchain/bin/../lib/gcc/arm-none-eabi/4.8.4/../../../../arm-none-eabi/lib/armv6-m\libm.a
END GROUP
START GROUP
LOAD c:/program files (x86)/atmel/atmel toolchain/arm gcc/native/4.8.1443/arm-gnu-toolchain/bin/../lib/gcc/arm-none-eabi/4.8.4/armv6-m\libgcc.a
LOAD c:/program files (x86)/atmel/atmel toolchain/arm gcc/native/4.8.1443/arm-gnu-toolchain/bin/../lib/gcc/arm-none-eabi/4.8.4/../../../../arm-none-eabi/lib/armv6-m\libc_s.a
END GROUP
START GROUP
LOAD c:/program files (x86)/atmel/atmel toolchain/arm gcc/native/4.8.1443/arm-gnu-toolchain/bin/../lib/gcc/arm-none-eabi/4.8.4/armv6-m\libgcc.a
LOAD c:/program files (x86)/atmel/atmel toolchain/arm gcc/native/4.8.1443/arm-gnu-toolchain/bin/../lib/gcc/arm-none-eabi/4.8.4/../../../../arm-none-eabi/lib/armv6-m\libc_s.a
END GROUP
LOAD c:/program files (x86)/atmel/atmel toolchain/arm gcc/native/4.8.1443/arm-gnu-toolchain/bin/../lib/gcc/arm-none-eabi/4.8.4/armv6-m/crtend.o
LOAD c:/program files (x86)/atmel/atmel toolchain/arm gcc/native/4.8.1443/arm-gnu-toolchain/bin/../lib/gcc/arm-none-eabi/4.8.4/armv6-m/crtn.o
                0x00002000                STACK_SIZE = DEFINED (STACK_SIZE)?STACK_SIZE:DEFINED (__stack_size__)?__stack_size__:0x2000

.text           0x00000000     0x41e0
                0x00000000                . = ALIGN (0x4)
                0x00000000                _sfixed = .
 *(.vectors .vectors.*)
 .vectors       0x00000000       0xb0 src/ASF/sam0/utils/cmsis/samd21/source/gcc/startup_samd21.o
                0x00000000                exception_table
 *(.text .text.* .gnu.linkonce.t.*)
 .text          0x000000b0       0x60 c:/program files (x86)/atmel/atmel toolchain/arm gcc/native/4.8.1443/arm-gnu-toolchain/bin/../lib/gcc/arm-none-eabi/4.8.4/armv6-m/crtbegin.o
 .text.configure_adc
                0x00000110       0x6c src/adc_configure.o
                0x00000110                configure_adc
 .text.hitecServoInit
                0x0000017c       0x68 src/hitecServo.o
                0x0000017c                hitecServoInit
 .text.setHitecServoAngle
                0x000001e4       0x54 src/hitecServo.o
                0x000001e4                setHitecServoAngle
 .text._tcc_get_inst_index
                0x00000238       0x30 src/ASF/sam0/drivers/tcc/tcc.o
                0x00000238                _tcc_get_inst_index
 .text._tcc_set_compare_value
                0x00000268       0x70 src/ASF/sam0/drivers/tcc/tcc.o
 .text.tcc_get_config_defaults
                0x000002d8      0x14c src/ASF/sam0/drivers/tcc/tcc.o
                0x000002d8                tcc_get_config_defaults
 .text.tcc_init
                0x00000424      0x3f8 src/ASF/sam0/drivers/tcc/tcc.o
                0x00000424                tcc_init
 .text.tcc_set_compare_value
                0x0000081c       0x10 src/ASF/sam0/drivers/tcc/tcc.o
                0x0000081c                tcc_set_compare_value
 .text._tcc_interrupt_handler
                0x0000082c       0x48 src/ASF/sam0/drivers/tcc/tcc_callback.o
                0x0000082c                _tcc_interrupt_handler
 .text.TCC0_Handler
                0x00000874       0x10 src/ASF/sam0/drivers/tcc/tcc_callback.o
                0x00000874                TCC0_Handler
 .text.TCC1_Handler
                0x00000884       0x10 src/ASF/sam0/drivers/tcc/tcc_callback.o
                0x00000884                TCC1_Handler
 .text.TCC2_Handler
                0x00000894       0x10 src/ASF/sam0/drivers/tcc/tcc_callback.o
                0x00000894                TCC2_Handler
 .text.delay_init
                0x000008a4       0x3c src/ASF/common2/services/delay/sam0/systick_counter.o
                0x000008a4                delay_init
 .text.delay_cycles_ms
                0x000008e0       0x2c src/ASF/common2/services/delay/sam0/systick_counter.o
                0x000008e0                delay_cycles_ms
 .text.adc_get_config_defaults
                0x0000090c       0x48 src/ASF/sam0/drivers/adc/adc_sam_d_r/adc.o
                0x0000090c                adc_get_config_defaults
 .text.adc_init
                0x00000954      0x434 src/ASF/sam0/drivers/adc/adc_sam_d_r/adc.o
                0x00000954                adc_init
 .text.ADC_Handler
                0x00000d88       0xb4 src/ASF/sam0/drivers/adc/adc_sam_d_r/adc_callback.o
                0x00000d88                ADC_Handler
 .text._sercom_get_sync_baud_val
                0x00000e3c       0x28 src/ASF/sam0/drivers/sercom/sercom.o
                0x00000e3c                _sercom_get_sync_baud_val
 *fill*         0x00000e64        0x4 
 .text._sercom_get_async_baud_val
                0x00000e68      0x1b0 src/ASF/sam0/drivers/sercom/sercom.o
                0x00000e68                _sercom_get_async_baud_val
 .text.sercom_set_gclk_generator
                0x00001018       0x50 src/ASF/sam0/drivers/sercom/sercom.o
                0x00001018                sercom_set_gclk_generator
 .text._sercom_get_default_pad
                0x00001068      0x188 src/ASF/sam0/drivers/sercom/sercom.o
                0x00001068                _sercom_get_default_pad
 .text._sercom_get_sercom_inst_index
                0x000011f0       0x3c src/ASF/sam0/drivers/sercom/sercom.o
                0x000011f0                _sercom_get_sercom_inst_index
 .text._read    0x0000122c       0x44 src/ASF/sam0/utils/stdio/read.o
                0x0000122c                _read
 .text._write   0x00001270       0x54 src/ASF/sam0/utils/stdio/write.o
                0x00001270                _write
 .text.usart_init
                0x000012c4      0x308 src/ASF/sam0/drivers/sercom/usart/usart.o
                0x000012c4                usart_init
 .text.usart_write_wait
                0x000015cc       0x2c src/ASF/sam0/drivers/sercom/usart/usart.o
                0x000015cc                usart_write_wait
 .text.usart_read_wait
                0x000015f8       0x78 src/ASF/sam0/drivers/sercom/usart/usart.o
                0x000015f8                usart_read_wait
 .text._usart_interrupt_handler
                0x00001670      0x19c src/ASF/sam0/drivers/sercom/usart/usart_interrupt.o
                0x00001670                _usart_interrupt_handler
 .text._sercom_default_handler
                0x0000180c        0x4 src/ASF/sam0/drivers/sercom/sercom_interrupt.o
 .text._sercom_set_handler
                0x00001810       0x3c src/ASF/sam0/drivers/sercom/sercom_interrupt.o
                0x00001810                _sercom_set_handler
 .text._sercom_get_interrupt_vector
                0x0000184c       0x2c src/ASF/sam0/drivers/sercom/sercom_interrupt.o
                0x0000184c                _sercom_get_interrupt_vector
 .text.SERCOM0_Handler
                0x00001878       0x10 src/ASF/sam0/drivers/sercom/sercom_interrupt.o
                0x00001878                SERCOM0_Handler
 .text.SERCOM1_Handler
                0x00001888       0x10 src/ASF/sam0/drivers/sercom/sercom_interrupt.o
                0x00001888                SERCOM1_Handler
 .text.SERCOM2_Handler
                0x00001898       0x10 src/ASF/sam0/drivers/sercom/sercom_interrupt.o
                0x00001898                SERCOM2_Handler
 .text.SERCOM3_Handler
                0x000018a8       0x10 src/ASF/sam0/drivers/sercom/sercom_interrupt.o
                0x000018a8                SERCOM3_Handler
 .text.SERCOM4_Handler
                0x000018b8       0x10 src/ASF/sam0/drivers/sercom/sercom_interrupt.o
                0x000018b8                SERCOM4_Handler
 .text.SERCOM5_Handler
                0x000018c8       0x10 src/ASF/sam0/drivers/sercom/sercom_interrupt.o
                0x000018c8                SERCOM5_Handler
 .text.cpu_irq_enter_critical
                0x000018d8       0x40 src/ASF/common/utils/interrupt/interrupt_sam_nvic.o
                0x000018d8                cpu_irq_enter_critical
 .text.cpu_irq_leave_critical
                0x00001918       0x30 src/ASF/common/utils/interrupt/interrupt_sam_nvic.o
                0x00001918                cpu_irq_leave_critical
 .text.system_board_init
                0x00001948       0x38 src/ASF/sam0/boards/samd21_xplained_pro/board_init.o
                0x00001948                board_init
                0x00001948                system_board_init
 .text.port_pin_set_config
                0x00001980       0x24 src/ASF/sam0/drivers/port/port.o
                0x00001980                port_pin_set_config
 .text.system_clock_source_get_hz
                0x000019a4       0x90 src/ASF/sam0/drivers/system/clock/clock_samd21_r21/clock.o
                0x000019a4                system_clock_source_get_hz
 .text.system_clock_source_osc8m_set_config
                0x00001a34       0x3c src/ASF/sam0/drivers/system/clock/clock_samd21_r21/clock.o
                0x00001a34                system_clock_source_osc8m_set_config
 .text.system_clock_source_enable
                0x00001a70       0xa0 src/ASF/sam0/drivers/system/clock/clock_samd21_r21/clock.o
                0x00001a70                system_clock_source_enable
 .text.system_clock_init
                0x00001b10       0xd0 src/ASF/sam0/drivers/system/clock/clock_samd21_r21/clock.o
                0x00001b10                system_clock_init
 .text.system_gclk_init
                0x00001be0       0x24 src/ASF/sam0/drivers/system/clock/clock_samd21_r21/gclk.o
                0x00001be0                system_gclk_init
 .text.system_gclk_gen_set_config
                0x00001c04       0xb4 src/ASF/sam0/drivers/system/clock/clock_samd21_r21/gclk.o
                0x00001c04                system_gclk_gen_set_config
 .text.system_gclk_gen_enable
                0x00001cb8       0x44 src/ASF/sam0/drivers/system/clock/clock_samd21_r21/gclk.o
                0x00001cb8                system_gclk_gen_enable
 .text.system_gclk_gen_get_hz
                0x00001cfc       0x8c src/ASF/sam0/drivers/system/clock/clock_samd21_r21/gclk.o
                0x00001cfc                system_gclk_gen_get_hz
 .text.system_gclk_chan_enable
                0x00001d88       0x30 src/ASF/sam0/drivers/system/clock/clock_samd21_r21/gclk.o
                0x00001d88                system_gclk_chan_enable
 .text.system_gclk_chan_disable
                0x00001db8       0x5c src/ASF/sam0/drivers/system/clock/clock_samd21_r21/gclk.o
                0x00001db8                system_gclk_chan_disable
 .text.system_gclk_chan_set_config
                0x00001e14       0x1c src/ASF/sam0/drivers/system/clock/clock_samd21_r21/gclk.o
                0x00001e14                system_gclk_chan_set_config
 .text.system_gclk_chan_get_hz
                0x00001e30       0x34 src/ASF/sam0/drivers/system/clock/clock_samd21_r21/gclk.o
                0x00001e30                system_gclk_chan_get_hz
 .text._system_pinmux_config
                0x00001e64       0x8c src/ASF/sam0/drivers/system/pinmux/pinmux.o
 .text.system_pinmux_pin_set_config
                0x00001ef0       0x2c src/ASF/sam0/drivers/system/pinmux/pinmux.o
                0x00001ef0                system_pinmux_pin_set_config
 .text._system_dummy_init
                0x00001f1c        0x4 src/ASF/sam0/drivers/system/system.o
                0x00001f1c                _system_events_init
                0x00001f1c                _system_dummy_init
                0x00001f1c                _system_extint_init
 .text.system_init
                0x00001f20       0x24 src/ASF/sam0/drivers/system/system.o
                0x00001f20                system_init
 .text.Dummy_Handler
                0x00001f44        0x4 src/ASF/sam0/utils/cmsis/samd21/source/gcc/startup_samd21.o
                0x00001f44                DMAC_Handler
                0x00001f44                HardFault_Handler
                0x00001f44                AC_Handler
                0x00001f44                SysTick_Handler
                0x00001f44                PendSV_Handler
                0x00001f44                NMI_Handler
                0x00001f44                TC7_Handler
                0x00001f44                RTC_Handler
                0x00001f44                EIC_Handler
                0x00001f44                TC6_Handler
                0x00001f44                WDT_Handler
                0x00001f44                TC4_Handler
                0x00001f44                USB_Handler
                0x00001f44                TC3_Handler
                0x00001f44                Dummy_Handler
                0x00001f44                PM_Handler
                0x00001f44                SVC_Handler
                0x00001f44                EVSYS_Handler
                0x00001f44                I2S_Handler
                0x00001f44                NVMCTRL_Handler
                0x00001f44                DAC_Handler
                0x00001f44                PTC_Handler
                0x00001f44                TC5_Handler
                0x00001f44                SYSCTRL_Handler
 .text.Reset_Handler
                0x00001f48       0xe0 src/ASF/sam0/utils/cmsis/samd21/source/gcc/startup_samd21.o
                0x00001f48                Reset_Handler
 .text._sbrk    0x00002028       0x24 src/ASF/sam0/utils/syscalls/gcc/syscalls.o
                0x00002028                _sbrk
 .text._close   0x0000204c        0x8 src/ASF/sam0/utils/syscalls/gcc/syscalls.o
                0x0000204c                _close
 .text._fstat   0x00002054        0xc src/ASF/sam0/utils/syscalls/gcc/syscalls.o
                0x00002054                _fstat
 .text._isatty  0x00002060        0x4 src/ASF/sam0/utils/syscalls/gcc/syscalls.o
                0x00002060                _isatty
 .text._lseek   0x00002064        0x4 src/ASF/sam0/utils/syscalls/gcc/syscalls.o
                0x00002064                _lseek
 .text.usart_serial_getchar
                0x00002068       0x2c src/main.o
 .text.usart_serial_putchar
                0x00002094       0x18 src/main.o
 .text.configure_console
                0x000020ac       0xf4 src/main.o
                0x000020ac                configure_console
 .text.adc_ka_result
                0x000021a0       0x90 src/main.o
                0x000021a0                adc_ka_result
 .text.main     0x00002230       0xe8 src/main.o
                0x00002230                main
 .text          0x00002318       0x9c c:/program files (x86)/atmel/atmel toolchain/arm gcc/native/4.8.1443/arm-gnu-toolchain/bin/../lib/gcc/arm-none-eabi/4.8.4/armv6-m\libgcc.a(_udivsi3.o)
                0x00002318                __aeabi_uidiv
                0x00002318                __udivsi3
                0x000023a0                __aeabi_uidivmod
 .text          0x000023b4        0x4 c:/program files (x86)/atmel/atmel toolchain/arm gcc/native/4.8.1443/arm-gnu-toolchain/bin/../lib/gcc/arm-none-eabi/4.8.4/armv6-m\libgcc.a(_dvmd_tls.o)
                0x000023b4                __aeabi_idiv0
                0x000023b4                __aeabi_ldiv0
 .text          0x000023b8       0x44 c:/program files (x86)/atmel/atmel toolchain/arm gcc/native/4.8.1443/arm-gnu-toolchain/bin/../lib/gcc/arm-none-eabi/4.8.4/armv6-m\libgcc.a(_muldi3.o)
                0x000023b8                __muldi3
                0x000023b8                __aeabi_lmul
 .text          0x000023fc       0x30 c:/program files (x86)/atmel/atmel toolchain/arm gcc/native/4.8.1443/arm-gnu-toolchain/bin/../lib/gcc/arm-none-eabi/4.8.4/armv6-m\libgcc.a(_fixunssfsi.o)
                0x000023fc                __fixunssfsi
                0x000023fc                __aeabi_f2uiz
 .text          0x0000242c      0x2d8 c:/program files (x86)/atmel/atmel toolchain/arm gcc/native/4.8.1443/arm-gnu-toolchain/bin/../lib/gcc/arm-none-eabi/4.8.4/armv6-m\libgcc.a(addsf3.o)
                0x0000242c                __aeabi_fadd
 .text          0x00002704      0x254 c:/program files (x86)/atmel/atmel toolchain/arm gcc/native/4.8.1443/arm-gnu-toolchain/bin/../lib/gcc/arm-none-eabi/4.8.4/armv6-m\libgcc.a(mulsf3.o)
                0x00002704                __aeabi_fmul
 .text          0x00002958      0x2ec c:/program files (x86)/atmel/atmel toolchain/arm gcc/native/4.8.1443/arm-gnu-toolchain/bin/../lib/gcc/arm-none-eabi/4.8.4/armv6-m\libgcc.a(subsf3.o)
                0x00002958                __aeabi_fsub
 .text          0x00002c44       0x40 c:/program files (x86)/atmel/atmel toolchain/arm gcc/native/4.8.1443/arm-gnu-toolchain/bin/../lib/gcc/arm-none-eabi/4.8.4/armv6-m\libgcc.a(fixsfsi.o)
                0x00002c44                __aeabi_f2iz
 .text          0x00002c84       0xb8 c:/program files (x86)/atmel/atmel toolchain/arm gcc/native/4.8.1443/arm-gnu-toolchain/bin/../lib/gcc/arm-none-eabi/4.8.4/armv6-m\libgcc.a(floatsisf.o)
                0x00002c84                __aeabi_i2f
 .text          0x00002d3c       0x74 c:/program files (x86)/atmel/atmel toolchain/arm gcc/native/4.8.1443/arm-gnu-toolchain/bin/../lib/gcc/arm-none-eabi/4.8.4/armv6-m\libgcc.a(_arm_cmpsf2.o)
                0x00002d3c                __aeabi_cfrcmple
                0x00002d44                __aeabi_cfcmpeq
                0x00002d44                __aeabi_cfcmple
                0x00002d54                __aeabi_fcmpeq
                0x00002d60                __aeabi_fcmplt
                0x00002d74                __aeabi_fcmple
                0x00002d88                __aeabi_fcmpgt
                0x00002d9c                __aeabi_fcmpge
 .text          0x00002db0       0x3c c:/program files (x86)/atmel/atmel toolchain/arm gcc/native/4.8.1443/arm-gnu-toolchain/bin/../lib/gcc/arm-none-eabi/4.8.4/armv6-m\libgcc.a(_clzsi2.o)
                0x00002db0                __clzsi2
 .text          0x00002dec       0x54 c:/program files (x86)/atmel/atmel toolchain/arm gcc/native/4.8.1443/arm-gnu-toolchain/bin/../lib/gcc/arm-none-eabi/4.8.4/armv6-m\libgcc.a(eqsf2.o)
                0x00002dec                __eqsf2
                0x00002dec                __nesf2
 .text          0x00002e40       0x90 c:/program files (x86)/atmel/atmel toolchain/arm gcc/native/4.8.1443/arm-gnu-toolchain/bin/../lib/gcc/arm-none-eabi/4.8.4/armv6-m\libgcc.a(gesf2.o)
                0x00002e40                __gesf2
                0x00002e40                __gtsf2
 .text          0x00002ed0       0x98 c:/program files (x86)/atmel/atmel toolchain/arm gcc/native/4.8.1443/arm-gnu-toolchain/bin/../lib/gcc/arm-none-eabi/4.8.4/armv6-m\libgcc.a(lesf2.o)
                0x00002ed0                __ltsf2
                0x00002ed0                __lesf2
 .text.__libc_init_array
                0x00002f68       0x4c c:/program files (x86)/atmel/atmel toolchain/arm gcc/native/4.8.1443/arm-gnu-toolchain/bin/../lib/gcc/arm-none-eabi/4.8.4/../../../../arm-none-eabi/lib/armv6-m\libc_s.a(lib_a-init.o)
                0x00002f68                __libc_init_array
 .text.memcpy   0x00002fb4       0x12 c:/program files (x86)/atmel/atmel toolchain/arm gcc/native/4.8.1443/arm-gnu-toolchain/bin/../lib/gcc/arm-none-eabi/4.8.4/../../../../arm-none-eabi/lib/armv6-m\libc_s.a(lib_a-memcpy-stub.o)
                0x00002fb4                memcpy
 .text.memset   0x00002fc6       0x10 c:/program files (x86)/atmel/atmel toolchain/arm gcc/native/4.8.1443/arm-gnu-toolchain/bin/../lib/gcc/arm-none-eabi/4.8.4/../../../../arm-none-eabi/lib/armv6-m\libc_s.a(lib_a-memset.o)
                0x00002fc6                memset
 *fill*         0x00002fd6        0x2 
 .text.printf   0x00002fd8       0x34 c:/program files (x86)/atmel/atmel toolchain/arm gcc/native/4.8.1443/arm-gnu-toolchain/bin/../lib/gcc/arm-none-eabi/4.8.4/../../../../arm-none-eabi/lib/armv6-m\libc_s.a(lib_a-printf.o)
                0x00002fd8                iprintf
                0x00002fd8                printf
 .text.setbuf   0x0000300c       0x12 c:/program files (x86)/atmel/atmel toolchain/arm gcc/native/4.8.1443/arm-gnu-toolchain/bin/../lib/gcc/arm-none-eabi/4.8.4/../../../../arm-none-eabi/lib/armv6-m\libc_s.a(lib_a-setbuf.o)
                0x0000300c                setbuf
 *fill*         0x0000301e        0x2 
 .text.setvbuf  0x00003020      0x10c c:/program files (x86)/atmel/atmel toolchain/arm gcc/native/4.8.1443/arm-gnu-toolchain/bin/../lib/gcc/arm-none-eabi/4.8.4/../../../../arm-none-eabi/lib/armv6-m\libc_s.a(lib_a-setvbuf.o)
                0x00003020                setvbuf
 .text.__sfputc_r
                0x0000312c       0x2a c:/program files (x86)/atmel/atmel toolchain/arm gcc/native/4.8.1443/arm-gnu-toolchain/bin/../lib/gcc/arm-none-eabi/4.8.4/../../../../arm-none-eabi/lib/armv6-m\libc_s.a(lib_a-vfprintf.o)
 .text.__sfputs_r
                0x00003156       0x24 c:/program files (x86)/atmel/atmel toolchain/arm gcc/native/4.8.1443/arm-gnu-toolchain/bin/../lib/gcc/arm-none-eabi/4.8.4/../../../../arm-none-eabi/lib/armv6-m\libc_s.a(lib_a-vfprintf.o)
                0x00003156                __sfputs_r
 *fill*         0x0000317a        0x2 
 .text._vfprintf_r
                0x0000317c      0x210 c:/program files (x86)/atmel/atmel toolchain/arm gcc/native/4.8.1443/arm-gnu-toolchain/bin/../lib/gcc/arm-none-eabi/4.8.4/../../../../arm-none-eabi/lib/armv6-m\libc_s.a(lib_a-vfprintf.o)
                0x0000317c                _vfprintf_r
                0x0000317c                _vfiprintf_r
 .text._printf_common
                0x0000338c       0xe8 c:/program files (x86)/atmel/atmel toolchain/arm gcc/native/4.8.1443/arm-gnu-toolchain/bin/../lib/gcc/arm-none-eabi/4.8.4/../../../../arm-none-eabi/lib/armv6-m\libc_s.a(lib_a-vfprintf_i.o)
                0x0000338c                _printf_common
 .text._printf_i
                0x00003474      0x22c c:/program files (x86)/atmel/atmel toolchain/arm gcc/native/4.8.1443/arm-gnu-toolchain/bin/../lib/gcc/arm-none-eabi/4.8.4/../../../../arm-none-eabi/lib/armv6-m\libc_s.a(lib_a-vfprintf_i.o)
                0x00003474                _printf_i
 .text.__swbuf_r
                0x000036a0       0xb0 c:/program files (x86)/atmel/atmel toolchain/arm gcc/native/4.8.1443/arm-gnu-toolchain/bin/../lib/gcc/arm-none-eabi/4.8.4/../../../../arm-none-eabi/lib/armv6-m\libc_s.a(lib_a-wbuf.o)
                0x000036a0                __swbuf_r
 .text.__swsetup_r
                0x00003750       0xe4 c:/program files (x86)/atmel/atmel toolchain/arm gcc/native/4.8.1443/arm-gnu-toolchain/bin/../lib/gcc/arm-none-eabi/4.8.4/../../../../arm-none-eabi/lib/armv6-m\libc_s.a(lib_a-wsetup.o)
                0x00003750                __swsetup_r
 .text.__sflush_r
                0x00003834      0x112 c:/program files (x86)/atmel/atmel toolchain/arm gcc/native/4.8.1443/arm-gnu-toolchain/bin/../lib/gcc/arm-none-eabi/4.8.4/../../../../arm-none-eabi/lib/armv6-m\libc_s.a(lib_a-fflush.o)
                0x00003834                __sflush_r
 *fill*         0x00003946        0x2 
 .text._fflush_r
                0x00003948       0x58 c:/program files (x86)/atmel/atmel toolchain/arm gcc/native/4.8.1443/arm-gnu-toolchain/bin/../lib/gcc/arm-none-eabi/4.8.4/../../../../arm-none-eabi/lib/armv6-m\libc_s.a(lib_a-fflush.o)
                0x00003948                _fflush_r
 .text._cleanup_r
                0x000039a0       0x34 c:/program files (x86)/atmel/atmel toolchain/arm gcc/native/4.8.1443/arm-gnu-toolchain/bin/../lib/gcc/arm-none-eabi/4.8.4/../../../../arm-none-eabi/lib/armv6-m\libc_s.a(lib_a-findfp.o)
                0x000039a0                _cleanup_r
 .text.std.isra.0
                0x000039d4       0x48 c:/program files (x86)/atmel/atmel toolchain/arm gcc/native/4.8.1443/arm-gnu-toolchain/bin/../lib/gcc/arm-none-eabi/4.8.4/../../../../arm-none-eabi/lib/armv6-m\libc_s.a(lib_a-findfp.o)
 .text.__sfmoreglue
                0x00003a1c       0x2c c:/program files (x86)/atmel/atmel toolchain/arm gcc/native/4.8.1443/arm-gnu-toolchain/bin/../lib/gcc/arm-none-eabi/4.8.4/../../../../arm-none-eabi/lib/armv6-m\libc_s.a(lib_a-findfp.o)
                0x00003a1c                __sfmoreglue
 .text.__sinit  0x00003a48       0x64 c:/program files (x86)/atmel/atmel toolchain/arm gcc/native/4.8.1443/arm-gnu-toolchain/bin/../lib/gcc/arm-none-eabi/4.8.4/../../../../arm-none-eabi/lib/armv6-m\libc_s.a(lib_a-findfp.o)
                0x00003a48                __sinit
 .text.__sfp    0x00003aac       0x7c c:/program files (x86)/atmel/atmel toolchain/arm gcc/native/4.8.1443/arm-gnu-toolchain/bin/../lib/gcc/arm-none-eabi/4.8.4/../../../../arm-none-eabi/lib/armv6-m\libc_s.a(lib_a-findfp.o)
                0x00003aac                __sfp
 .text.__smakebuf_r
                0x00003b28       0xa0 c:/program files (x86)/atmel/atmel toolchain/arm gcc/native/4.8.1443/arm-gnu-toolchain/bin/../lib/gcc/arm-none-eabi/4.8.4/../../../../arm-none-eabi/lib/armv6-m\libc_s.a(lib_a-makebuf.o)
                0x00003b28                __smakebuf_r
 .text.malloc   0x00003bc8       0x14 c:/program files (x86)/atmel/atmel toolchain/arm gcc/native/4.8.1443/arm-gnu-toolchain/bin/../lib/gcc/arm-none-eabi/4.8.4/../../../../arm-none-eabi/lib/armv6-m\libc_s.a(lib_a-malloc.o)
                0x00003bc8                malloc
 .text.memchr   0x00003bdc       0x16 c:/program files (x86)/atmel/atmel toolchain/arm gcc/native/4.8.1443/arm-gnu-toolchain/bin/../lib/gcc/arm-none-eabi/4.8.4/../../../../arm-none-eabi/lib/armv6-m\libc_s.a(lib_a-memchr-stub.o)
                0x00003bdc                memchr
 *fill*         0x00003bf2        0x2 
 .text._free_r  0x00003bf4       0x90 c:/program files (x86)/atmel/atmel toolchain/arm gcc/native/4.8.1443/arm-gnu-toolchain/bin/../lib/gcc/arm-none-eabi/4.8.4/../../../../arm-none-eabi/lib/armv6-m\libc_s.a(lib_a-nano-freer.o)
                0x00003bf4                _free_r
 .text._malloc_r
                0x00003c84       0xa8 c:/program files (x86)/atmel/atmel toolchain/arm gcc/native/4.8.1443/arm-gnu-toolchain/bin/../lib/gcc/arm-none-eabi/4.8.4/../../../../arm-none-eabi/lib/armv6-m\libc_s.a(lib_a-nano-mallocr.o)
                0x00003c84                _malloc_r
 .text._sbrk_r  0x00003d2c       0x24 c:/program files (x86)/atmel/atmel toolchain/arm gcc/native/4.8.1443/arm-gnu-toolchain/bin/../lib/gcc/arm-none-eabi/4.8.4/../../../../arm-none-eabi/lib/armv6-m\libc_s.a(lib_a-sbrkr.o)
                0x00003d2c                _sbrk_r
 .text.__sread  0x00003d50       0x28 c:/program files (x86)/atmel/atmel toolchain/arm gcc/native/4.8.1443/arm-gnu-toolchain/bin/../lib/gcc/arm-none-eabi/4.8.4/../../../../arm-none-eabi/lib/armv6-m\libc_s.a(lib_a-stdio.o)
                0x00003d50                __sread
 .text.__swrite
                0x00003d78       0x38 c:/program files (x86)/atmel/atmel toolchain/arm gcc/native/4.8.1443/arm-gnu-toolchain/bin/../lib/gcc/arm-none-eabi/4.8.4/../../../../arm-none-eabi/lib/armv6-m\libc_s.a(lib_a-stdio.o)
                0x00003d78                __swrite
 .text.__sseek  0x00003db0       0x2c c:/program files (x86)/atmel/atmel toolchain/arm gcc/native/4.8.1443/arm-gnu-toolchain/bin/../lib/gcc/arm-none-eabi/4.8.4/../../../../arm-none-eabi/lib/armv6-m\libc_s.a(lib_a-stdio.o)
                0x00003db0                __sseek
 .text.__sclose
                0x00003ddc        0xc c:/program files (x86)/atmel/atmel toolchain/arm gcc/native/4.8.1443/arm-gnu-toolchain/bin/../lib/gcc/arm-none-eabi/4.8.4/../../../../arm-none-eabi/lib/armv6-m\libc_s.a(lib_a-stdio.o)
                0x00003ddc                __sclose
 .text.strlen   0x00003de8        0xe c:/program files (x86)/atmel/atmel toolchain/arm gcc/native/4.8.1443/arm-gnu-toolchain/bin/../lib/gcc/arm-none-eabi/4.8.4/../../../../arm-none-eabi/lib/armv6-m\libc_s.a(lib_a-strlen.o)
                0x00003de8                strlen
 *fill*         0x00003df6        0x2 
 .text._write_r
                0x00003df8       0x28 c:/program files (x86)/atmel/atmel toolchain/arm gcc/native/4.8.1443/arm-gnu-toolchain/bin/../lib/gcc/arm-none-eabi/4.8.4/../../../../arm-none-eabi/lib/armv6-m\libc_s.a(lib_a-writer.o)
                0x00003df8                _write_r
 .text._close_r
                0x00003e20       0x24 c:/program files (x86)/atmel/atmel toolchain/arm gcc/native/4.8.1443/arm-gnu-toolchain/bin/../lib/gcc/arm-none-eabi/4.8.4/../../../../arm-none-eabi/lib/armv6-m\libc_s.a(lib_a-closer.o)
                0x00003e20                _close_r
 .text._fstat_r
                0x00003e44       0x24 c:/program files (x86)/atmel/atmel toolchain/arm gcc/native/4.8.1443/arm-gnu-toolchain/bin/../lib/gcc/arm-none-eabi/4.8.4/../../../../arm-none-eabi/lib/armv6-m\libc_s.a(lib_a-fstatr.o)
                0x00003e44                _fstat_r
 .text._isatty_r
                0x00003e68       0x24 c:/program files (x86)/atmel/atmel toolchain/arm gcc/native/4.8.1443/arm-gnu-toolchain/bin/../lib/gcc/arm-none-eabi/4.8.4/../../../../arm-none-eabi/lib/armv6-m\libc_s.a(lib_a-isattyr.o)
                0x00003e68                _isatty_r
 .text._lseek_r
                0x00003e8c       0x28 c:/program files (x86)/atmel/atmel toolchain/arm gcc/native/4.8.1443/arm-gnu-toolchain/bin/../lib/gcc/arm-none-eabi/4.8.4/../../../../arm-none-eabi/lib/armv6-m\libc_s.a(lib_a-lseekr.o)
                0x00003e8c                _lseek_r
 .text._read_r  0x00003eb4       0x28 c:/program files (x86)/atmel/atmel toolchain/arm gcc/native/4.8.1443/arm-gnu-toolchain/bin/../lib/gcc/arm-none-eabi/4.8.4/../../../../arm-none-eabi/lib/armv6-m\libc_s.a(lib_a-readr.o)
                0x00003eb4                _read_r
 *(.glue_7t)
 .glue_7t       0x00000000        0x0 linker stubs
 *(.glue_7)
 .glue_7        0x00000000        0x0 linker stubs
 *(.rodata .rodata* .gnu.linkonce.r.*)
 .rodata.str1.4
                0x00003edc        0x3 src/hitecServo.o
                                  0x4 (size before relaxing)
 *fill*         0x00003edf        0x1 
 .rodata._tcc_gclk_ids
                0x00003ee0        0x4 src/ASF/sam0/drivers/tcc/tcc.o
                0x00003ee0                _tcc_gclk_ids
 .rodata._tcc_apbcmasks
                0x00003ee4        0xc src/ASF/sam0/drivers/tcc/tcc.o
                0x00003ee4                _tcc_apbcmasks
 .rodata._tcc_maxs
                0x00003ef0        0xc src/ASF/sam0/drivers/tcc/tcc.o
                0x00003ef0                _tcc_maxs
 .rodata._tcc_cc_nums
                0x00003efc        0x4 src/ASF/sam0/drivers/tcc/tcc.o
                0x00003efc                _tcc_cc_nums
 .rodata._tcc_ow_nums
                0x00003f00        0x4 src/ASF/sam0/drivers/tcc/tcc.o
                0x00003f00                _tcc_ow_nums
 .rodata._tcc_intflag
                0x00003f04       0x30 src/ASF/sam0/drivers/tcc/tcc_callback.o
                0x00003f04                _tcc_intflag
 .rodata.adc_init
                0x00003f34       0xd4 src/ASF/sam0/drivers/adc/adc_sam_d_r/adc.o
 .rodata        0x00004008       0x50 src/ASF/sam0/drivers/adc/adc_sam_d_r/adc.o
 .rodata        0x00004058       0x18 src/ASF/sam0/drivers/sercom/sercom.o
 .rodata        0x00004070        0x8 src/ASF/sam0/drivers/sercom/sercom_interrupt.o
 .rodata.system_clock_source_get_hz
                0x00004078       0x24 src/ASF/sam0/drivers/system/clock/clock_samd21_r21/clock.o
 .rodata.system_clock_source_enable
                0x0000409c       0x24 src/ASF/sam0/drivers/system/clock/clock_samd21_r21/clock.o
 .rodata.str1.4
                0x000040c0       0x24 src/main.o
 .rodata        0x000040e4       0x40 c:/program files (x86)/atmel/atmel toolchain/arm gcc/native/4.8.1443/arm-gnu-toolchain/bin/../lib/gcc/arm-none-eabi/4.8.4/armv6-m\libgcc.a(mulsf3.o)
 .rodata.str1.1
                0x00004124        0x2 c:/program files (x86)/atmel/atmel toolchain/arm gcc/native/4.8.1443/arm-gnu-toolchain/bin/../lib/gcc/arm-none-eabi/4.8.4/../../../../arm-none-eabi/lib/armv6-m\libc_s.a(lib_a-impure.o)
 *fill*         0x00004126        0x2 
 .rodata._global_impure_ptr
                0x00004128        0x4 c:/program files (x86)/atmel/atmel toolchain/arm gcc/native/4.8.1443/arm-gnu-toolchain/bin/../lib/gcc/arm-none-eabi/4.8.4/../../../../arm-none-eabi/lib/armv6-m\libc_s.a(lib_a-impure.o)
                0x00004128                _global_impure_ptr
 .rodata.str1.1
                0x0000412c       0x11 c:/program files (x86)/atmel/atmel toolchain/arm gcc/native/4.8.1443/arm-gnu-toolchain/bin/../lib/gcc/arm-none-eabi/4.8.4/../../../../arm-none-eabi/lib/armv6-m\libc_s.a(lib_a-vfprintf.o)
 .rodata.str1.1
                0x0000413d       0x22 c:/program files (x86)/atmel/atmel toolchain/arm gcc/native/4.8.1443/arm-gnu-toolchain/bin/../lib/gcc/arm-none-eabi/4.8.4/../../../../arm-none-eabi/lib/armv6-m\libc_s.a(lib_a-vfprintf_i.o)
 *fill*         0x0000415f        0x1 
 .rodata.__sf_fake_stdin
                0x00004160       0x20 c:/program files (x86)/atmel/atmel toolchain/arm gcc/native/4.8.1443/arm-gnu-toolchain/bin/../lib/gcc/arm-none-eabi/4.8.4/../../../../arm-none-eabi/lib/armv6-m\libc_s.a(lib_a-findfp.o)
                0x00004160                __sf_fake_stdin
 .rodata.__sf_fake_stdout
                0x00004180       0x20 c:/program files (x86)/atmel/atmel toolchain/arm gcc/native/4.8.1443/arm-gnu-toolchain/bin/../lib/gcc/arm-none-eabi/4.8.4/../../../../arm-none-eabi/lib/armv6-m\libc_s.a(lib_a-findfp.o)
                0x00004180                __sf_fake_stdout
 .rodata.__sf_fake_stderr
                0x000041a0       0x20 c:/program files (x86)/atmel/atmel toolchain/arm gcc/native/4.8.1443/arm-gnu-toolchain/bin/../lib/gcc/arm-none-eabi/4.8.4/../../../../arm-none-eabi/lib/armv6-m\libc_s.a(lib_a-findfp.o)
                0x000041a0                __sf_fake_stderr
 *(.ARM.extab* .gnu.linkonce.armextab.*)
                0x000041c0                . = ALIGN (0x4)
 *(.init)
 .init          0x000041c0        0x4 c:/program files (x86)/atmel/atmel toolchain/arm gcc/native/4.8.1443/arm-gnu-toolchain/bin/../lib/gcc/arm-none-eabi/4.8.4/armv6-m/crti.o
                0x000041c0                _init
 .init          0x000041c4        0x8 c:/program files (x86)/atmel/atmel toolchain/arm gcc/native/4.8.1443/arm-gnu-toolchain/bin/../lib/gcc/arm-none-eabi/4.8.4/armv6-m/crtn.o
                0x000041cc                . = ALIGN (0x4)
                0x000041cc                __preinit_array_start = .
 *(.preinit_array)
                0x000041cc                __preinit_array_end = .
                0x000041cc                . = ALIGN (0x4)
                0x000041cc                __init_array_start = .
 *(SORT(.init_array.*))
 *(.init_array)
 .init_array    0x000041cc        0x4 c:/program files (x86)/atmel/atmel toolchain/arm gcc/native/4.8.1443/arm-gnu-toolchain/bin/../lib/gcc/arm-none-eabi/4.8.4/armv6-m/crtbegin.o
                0x000041d0                __init_array_end = .
                0x000041d0                . = ALIGN (0x4)
 *crtbegin.o(.ctors)
 *(EXCLUDE_FILE(*crtend.o) .ctors)
 *(SORT(.ctors.*))
 *crtend.o(.ctors)
                0x000041d0                . = ALIGN (0x4)
 *(.fini)
 .fini          0x000041d0        0x4 c:/program files (x86)/atmel/atmel toolchain/arm gcc/native/4.8.1443/arm-gnu-toolchain/bin/../lib/gcc/arm-none-eabi/4.8.4/armv6-m/crti.o
                0x000041d0                _fini
 .fini          0x000041d4        0x8 c:/program files (x86)/atmel/atmel toolchain/arm gcc/native/4.8.1443/arm-gnu-toolchain/bin/../lib/gcc/arm-none-eabi/4.8.4/armv6-m/crtn.o
                0x000041dc                . = ALIGN (0x4)
                0x000041dc                __fini_array_start = .
 *(.fini_array)
 .fini_array    0x000041dc        0x4 c:/program files (x86)/atmel/atmel toolchain/arm gcc/native/4.8.1443/arm-gnu-toolchain/bin/../lib/gcc/arm-none-eabi/4.8.4/armv6-m/crtbegin.o
 *(SORT(.fini_array.*))
                0x000041e0                __fini_array_end = .
 *crtbegin.o(.dtors)
 *(EXCLUDE_FILE(*crtend.o) .dtors)
 *(SORT(.dtors.*))
 *crtend.o(.dtors)
                0x000041e0                . = ALIGN (0x4)
                0x000041e0                _efixed = .
                0x000041e0                PROVIDE (__exidx_start, .)

.vfp11_veneer   0x000041e0        0x0
 .vfp11_veneer  0x00000000        0x0 linker stubs

.v4_bx          0x000041e0        0x0
 .v4_bx         0x00000000        0x0 linker stubs

.iplt           0x000041e0        0x0
 .iplt          0x00000000        0x0 c:/program files (x86)/atmel/atmel toolchain/arm gcc/native/4.8.1443/arm-gnu-toolchain/bin/../lib/gcc/arm-none-eabi/4.8.4/armv6-m/crtbegin.o

.eh_frame       0x000041e0        0x0
 .eh_frame      0x000041e0        0x0 c:/program files (x86)/atmel/atmel toolchain/arm gcc/native/4.8.1443/arm-gnu-toolchain/bin/../lib/gcc/arm-none-eabi/4.8.4/armv6-m/crtbegin.o

.rel.dyn        0x000041e0        0x0
 .rel.iplt      0x00000000        0x0 c:/program files (x86)/atmel/atmel toolchain/arm gcc/native/4.8.1443/arm-gnu-toolchain/bin/../lib/gcc/arm-none-eabi/4.8.4/armv6-m/crtbegin.o

.jcr            0x000041e0        0x0
 .jcr           0x000041e0        0x0 c:/program files (x86)/atmel/atmel toolchain/arm gcc/native/4.8.1443/arm-gnu-toolchain/bin/../lib/gcc/arm-none-eabi/4.8.4/armv6-m/crtbegin.o

.igot.plt       0x000041e0        0x0
 .igot.plt      0x00000000        0x0 c:/program files (x86)/atmel/atmel toolchain/arm gcc/native/4.8.1443/arm-gnu-toolchain/bin/../lib/gcc/arm-none-eabi/4.8.4/armv6-m/crtbegin.o

.ARM.exidx
 *(.ARM.exidx* .gnu.linkonce.armexidx.*)
                0x000041e0                PROVIDE (__exidx_end, .)
                0x000041e0                . = ALIGN (0x4)
                0x000041e0                _etext = .

.relocate       0x20000000       0x74 load address 0x000041e0
                0x20000000                . = ALIGN (0x4)
                0x20000000                _srelocate = .
 *(.ramfunc .ramfunc.*)
 *(.data .data.*)
 .data.angle2pwm_factor
                0x20000000        0x4 src/hitecServo.o
                0x20000000                angle2pwm_factor
 .data.cycles_per_us
                0x20000004        0x4 src/ASF/common2/services/delay/sam0/systick_counter.o
 .data.cycles_per_ms
                0x20000008        0x4 src/ASF/common2/services/delay/sam0/systick_counter.o
 .data.g_interrupt_enabled
                0x2000000c        0x1 src/ASF/common/utils/interrupt/interrupt_sam_nvic.o
                0x2000000c                g_interrupt_enabled
 *fill*         0x2000000d        0x3 
 .data.impure_data
                0x20000010       0x60 c:/program files (x86)/atmel/atmel toolchain/arm gcc/native/4.8.1443/arm-gnu-toolchain/bin/../lib/gcc/arm-none-eabi/4.8.4/../../../../arm-none-eabi/lib/armv6-m\libc_s.a(lib_a-impure.o)
 .data._impure_ptr
                0x20000070        0x4 c:/program files (x86)/atmel/atmel toolchain/arm gcc/native/4.8.1443/arm-gnu-toolchain/bin/../lib/gcc/arm-none-eabi/4.8.4/../../../../arm-none-eabi/lib/armv6-m\libc_s.a(lib_a-impure.o)
                0x20000070                _impure_ptr
                0x20000074                . = ALIGN (0x4)
                0x20000074                _erelocate = .

.bss            0x20000074      0x134 load address 0x00004254
                0x20000074                . = ALIGN (0x4)
                0x20000074                _sbss = .
                0x20000074                _szero = .
 *(.bss .bss.*)
 .bss           0x20000074       0x1c c:/program files (x86)/atmel/atmel toolchain/arm gcc/native/4.8.1443/arm-gnu-toolchain/bin/../lib/gcc/arm-none-eabi/4.8.4/armv6-m/crtbegin.o
 .bss._sercom_config
                0x20000090        0x4 src/ASF/sam0/drivers/sercom/sercom.o
 .bss._handler_table_initialized
                0x20000094        0x1 src/ASF/sam0/drivers/sercom/sercom_interrupt.o
 *fill*         0x20000095        0x3 
 .bss._sercom_interrupt_handlers
                0x20000098       0x18 src/ASF/sam0/drivers/sercom/sercom_interrupt.o
 .bss.cpu_irq_critical_section_counter
                0x200000b0        0x4 src/ASF/common/utils/interrupt/interrupt_sam_nvic.o
 .bss.cpu_irq_prev_interrupt_state
                0x200000b4        0x1 src/ASF/common/utils/interrupt/interrupt_sam_nvic.o
 *fill*         0x200000b5        0x3 
 .bss._system_clock_inst
                0x200000b8       0x18 src/ASF/sam0/drivers/system/clock/clock_samd21_r21/clock.o
 .bss.heap.5097
                0x200000d0        0x4 src/ASF/sam0/utils/syscalls/gcc/syscalls.o
 .bss.__malloc_sbrk_start
                0x200000d4        0x4 c:/program files (x86)/atmel/atmel toolchain/arm gcc/native/4.8.1443/arm-gnu-toolchain/bin/../lib/gcc/arm-none-eabi/4.8.4/../../../../arm-none-eabi/lib/armv6-m\libc_s.a(lib_a-nano-mallocr.o)
                0x200000d4                __malloc_sbrk_start
 .bss.__malloc_free_list
                0x200000d8        0x4 c:/program files (x86)/atmel/atmel toolchain/arm gcc/native/4.8.1443/arm-gnu-toolchain/bin/../lib/gcc/arm-none-eabi/4.8.4/../../../../arm-none-eabi/lib/armv6-m\libc_s.a(lib_a-nano-mallocr.o)
                0x200000d8                __malloc_free_list
 *(COMMON)
 COMMON         0x200000dc       0x40 src/hitecServo.o
                0x200000dc                tcc_instance
 COMMON         0x2000011c        0xc src/ASF/sam0/drivers/tcc/tcc_callback.o
                0x2000011c                _tcc_instances
 COMMON         0x20000128        0x4 src/ASF/sam0/drivers/adc/adc_sam_d_r/adc_callback.o
                0x20000128                _adc_instances
 COMMON         0x2000012c        0x4 src/ASF/sam0/utils/stdio/read.o
                0x2000012c                ptr_get
 COMMON         0x20000130        0x8 src/ASF/sam0/utils/stdio/write.o
                0x20000130                ptr_put
                0x20000134                stdio_base
 COMMON         0x20000138       0x18 src/ASF/sam0/drivers/sercom/sercom_interrupt.o
                0x20000138                _sercom_instances
 COMMON         0x20000150       0x54 src/main.o
                0x20000150                console_instance
                0x20000184                adc_instance
 COMMON         0x200001a4        0x4 c:/program files (x86)/atmel/atmel toolchain/arm gcc/native/4.8.1443/arm-gnu-toolchain/bin/../lib/gcc/arm-none-eabi/4.8.4/../../../../arm-none-eabi/lib/armv6-m\libc_s.a(lib_a-reent.o)
                0x200001a4                errno
                0x200001a8                . = ALIGN (0x4)
                0x200001a8                _ebss = .
                0x200001a8                _ezero = .

.stack          0x200001a8     0x2000 load address 0x00004388
                0x200001a8                . = ALIGN (0x8)
                0x200001a8                _sstack = .
                0x200021a8                . = (. + STACK_SIZE)
 *fill*         0x200001a8     0x2000 
                0x200021a8                . = ALIGN (0x8)
                0x200021a8                _estack = .
                0x200021a8                . = ALIGN (0x4)
                0x200021a8                _end = .
OUTPUT(Deadpool Irrigation.elf elf32-littlearm)

.ARM.attributes
                0x00000000       0x28
 .ARM.attributes
                0x00000000       0x1e c:/program files (x86)/atmel/atmel toolchain/arm gcc/native/4.8.1443/arm-gnu-toolchain/bin/../lib/gcc/arm-none-eabi/4.8.4/armv6-m/crti.o
 .ARM.attributes
                0x0000001e       0x2c c:/program files (x86)/atmel/atmel toolchain/arm gcc/native/4.8.1443/arm-gnu-toolchain/bin/../lib/gcc/arm-none-eabi/4.8.4/armv6-m/crtbegin.o
 .ARM.attributes
                0x0000004a       0x32 src/adc_configure.o
 .ARM.attributes
                0x0000007c       0x32 src/hitecServo.o
 .ARM.attributes
                0x000000ae       0x32 src/ASF/sam0/drivers/tcc/tcc.o
 .ARM.attributes
                0x000000e0       0x32 src/ASF/sam0/drivers/tcc/tcc_callback.o
 .ARM.attributes
                0x00000112       0x32 src/ASF/common2/services/delay/sam0/systick_counter.o
 .ARM.attributes
                0x00000144       0x32 src/ASF/sam0/drivers/adc/adc_sam_d_r/adc.o
 .ARM.attributes
                0x00000176       0x32 src/ASF/sam0/drivers/adc/adc_sam_d_r/adc_callback.o
 .ARM.attributes
                0x000001a8       0x32 src/ASF/sam0/drivers/sercom/sercom.o
 .ARM.attributes
                0x000001da       0x32 src/ASF/sam0/utils/stdio/read.o
 .ARM.attributes
                0x0000020c       0x32 src/ASF/sam0/utils/stdio/write.o
 .ARM.attributes
                0x0000023e       0x32 src/ASF/sam0/drivers/sercom/usart/usart.o
 .ARM.attributes
                0x00000270       0x32 src/ASF/sam0/drivers/sercom/usart/usart_interrupt.o
 .ARM.attributes
                0x000002a2       0x32 src/ASF/sam0/drivers/sercom/sercom_interrupt.o
 .ARM.attributes
                0x000002d4       0x32 src/ASF/common/utils/interrupt/interrupt_sam_nvic.o
 .ARM.attributes
                0x00000306       0x32 src/ASF/sam0/boards/samd21_xplained_pro/board_init.o
 .ARM.attributes
                0x00000338       0x32 src/ASF/sam0/drivers/port/port.o
 .ARM.attributes
                0x0000036a       0x32 src/ASF/sam0/drivers/system/clock/clock_samd21_r21/clock.o
 .ARM.attributes
                0x0000039c       0x32 src/ASF/sam0/drivers/system/clock/clock_samd21_r21/gclk.o
 .ARM.attributes
                0x000003ce       0x32 src/ASF/sam0/drivers/system/pinmux/pinmux.o
 .ARM.attributes
                0x00000400       0x32 src/ASF/sam0/drivers/system/system.o
 .ARM.attributes
                0x00000432       0x32 src/ASF/sam0/utils/cmsis/samd21/source/gcc/startup_samd21.o
 .ARM.attributes
                0x00000464       0x32 src/ASF/sam0/utils/syscalls/gcc/syscalls.o
 .ARM.attributes
                0x00000496       0x32 src/main.o
 .ARM.attributes
                0x000004c8       0x1e c:/program files (x86)/atmel/atmel toolchain/arm gcc/native/4.8.1443/arm-gnu-toolchain/bin/../lib/gcc/arm-none-eabi/4.8.4/armv6-m\libgcc.a(_udivsi3.o)
 .ARM.attributes
                0x000004e6       0x1e c:/program files (x86)/atmel/atmel toolchain/arm gcc/native/4.8.1443/arm-gnu-toolchain/bin/../lib/gcc/arm-none-eabi/4.8.4/armv6-m\libgcc.a(_dvmd_tls.o)
 .ARM.attributes
                0x00000504       0x2c c:/program files (x86)/atmel/atmel toolchain/arm gcc/native/4.8.1443/arm-gnu-toolchain/bin/../lib/gcc/arm-none-eabi/4.8.4/armv6-m\libgcc.a(_muldi3.o)
 .ARM.attributes
                0x00000530       0x2c c:/program files (x86)/atmel/atmel toolchain/arm gcc/native/4.8.1443/arm-gnu-toolchain/bin/../lib/gcc/arm-none-eabi/4.8.4/armv6-m\libgcc.a(_fixunssfsi.o)
 .ARM.attributes
                0x0000055c       0x2c c:/program files (x86)/atmel/atmel toolchain/arm gcc/native/4.8.1443/arm-gnu-toolchain/bin/../lib/gcc/arm-none-eabi/4.8.4/armv6-m\libgcc.a(addsf3.o)
 .ARM.attributes
                0x00000588       0x2c c:/program files (x86)/atmel/atmel toolchain/arm gcc/native/4.8.1443/arm-gnu-toolchain/bin/../lib/gcc/arm-none-eabi/4.8.4/armv6-m\libgcc.a(mulsf3.o)
 .ARM.attributes
                0x000005b4       0x2c c:/program files (x86)/atmel/atmel toolchain/arm gcc/native/4.8.1443/arm-gnu-toolchain/bin/../lib/gcc/arm-none-eabi/4.8.4/armv6-m\libgcc.a(subsf3.o)
 .ARM.attributes
                0x000005e0       0x2c c:/program files (x86)/atmel/atmel toolchain/arm gcc/native/4.8.1443/arm-gnu-toolchain/bin/../lib/gcc/arm-none-eabi/4.8.4/armv6-m\libgcc.a(fixsfsi.o)
 .ARM.attributes
                0x0000060c       0x2c c:/program files (x86)/atmel/atmel toolchain/arm gcc/native/4.8.1443/arm-gnu-toolchain/bin/../lib/gcc/arm-none-eabi/4.8.4/armv6-m\libgcc.a(floatsisf.o)
 .ARM.attributes
                0x00000638       0x1e c:/program files (x86)/atmel/atmel toolchain/arm gcc/native/4.8.1443/arm-gnu-toolchain/bin/../lib/gcc/arm-none-eabi/4.8.4/armv6-m\libgcc.a(_arm_cmpsf2.o)
 .ARM.attributes
                0x00000656       0x1e c:/program files (x86)/atmel/atmel toolchain/arm gcc/native/4.8.1443/arm-gnu-toolchain/bin/../lib/gcc/arm-none-eabi/4.8.4/armv6-m\libgcc.a(_clzsi2.o)
 .ARM.attributes
                0x00000674       0x2c c:/program files (x86)/atmel/atmel toolchain/arm gcc/native/4.8.1443/arm-gnu-toolchain/bin/../lib/gcc/arm-none-eabi/4.8.4/armv6-m\libgcc.a(eqsf2.o)
 .ARM.attributes
                0x000006a0       0x2c c:/program files (x86)/atmel/atmel toolchain/arm gcc/native/4.8.1443/arm-gnu-toolchain/bin/../lib/gcc/arm-none-eabi/4.8.4/armv6-m\libgcc.a(gesf2.o)
 .ARM.attributes
                0x000006cc       0x2c c:/program files (x86)/atmel/atmel toolchain/arm gcc/native/4.8.1443/arm-gnu-toolchain/bin/../lib/gcc/arm-none-eabi/4.8.4/armv6-m\libgcc.a(lesf2.o)
 .ARM.attributes
                0x000006f8       0x2c c:/program files (x86)/atmel/atmel toolchain/arm gcc/native/4.8.1443/arm-gnu-toolchain/bin/../lib/gcc/arm-none-eabi/4.8.4/../../../../arm-none-eabi/lib/armv6-m\libc_s.a(lib_a-impure.o)
 .ARM.attributes
                0x00000724       0x2c c:/program files (x86)/atmel/atmel toolchain/arm gcc/native/4.8.1443/arm-gnu-toolchain/bin/../lib/gcc/arm-none-eabi/4.8.4/../../../../arm-none-eabi/lib/armv6-m\libc_s.a(lib_a-init.o)
 .ARM.attributes
                0x00000750       0x2c c:/program files (x86)/atmel/atmel toolchain/arm gcc/native/4.8.1443/arm-gnu-toolchain/bin/../lib/gcc/arm-none-eabi/4.8.4/../../../../arm-none-eabi/lib/armv6-m\libc_s.a(lib_a-memcpy-stub.o)
 .ARM.attributes
                0x0000077c       0x2c c:/program files (x86)/atmel/atmel toolchain/arm gcc/native/4.8.1443/arm-gnu-toolchain/bin/../lib/gcc/arm-none-eabi/4.8.4/../../../../arm-none-eabi/lib/armv6-m\libc_s.a(lib_a-memset.o)
 .ARM.attributes
                0x000007a8       0x2c c:/program files (x86)/atmel/atmel toolchain/arm gcc/native/4.8.1443/arm-gnu-toolchain/bin/../lib/gcc/arm-none-eabi/4.8.4/../../../../arm-none-eabi/lib/armv6-m\libc_s.a(lib_a-printf.o)
 .ARM.attributes
                0x000007d4       0x2c c:/program files (x86)/atmel/atmel toolchain/arm gcc/native/4.8.1443/arm-gnu-toolchain/bin/../lib/gcc/arm-none-eabi/4.8.4/../../../../arm-none-eabi/lib/armv6-m\libc_s.a(lib_a-setbuf.o)
 .ARM.attributes
                0x00000800       0x2c c:/program files (x86)/atmel/atmel toolchain/arm gcc/native/4.8.1443/arm-gnu-toolchain/bin/../lib/gcc/arm-none-eabi/4.8.4/../../../../arm-none-eabi/lib/armv6-m\libc_s.a(lib_a-setvbuf.o)
 .ARM.attributes
                0x0000082c       0x2c c:/program files (x86)/atmel/atmel toolchain/arm gcc/native/4.8.1443/arm-gnu-toolchain/bin/../lib/gcc/arm-none-eabi/4.8.4/../../../../arm-none-eabi/lib/armv6-m\libc_s.a(lib_a-vfprintf.o)
 .ARM.attributes
                0x00000858       0x2c c:/program files (x86)/atmel/atmel toolchain/arm gcc/native/4.8.1443/arm-gnu-toolchain/bin/../lib/gcc/arm-none-eabi/4.8.4/../../../../arm-none-eabi/lib/armv6-m\libc_s.a(lib_a-vfprintf_i.o)
 .ARM.attributes
                0x00000884       0x2c c:/program files (x86)/atmel/atmel toolchain/arm gcc/native/4.8.1443/arm-gnu-toolchain/bin/../lib/gcc/arm-none-eabi/4.8.4/../../../../arm-none-eabi/lib/armv6-m\libc_s.a(lib_a-wbuf.o)
 .ARM.attributes
                0x000008b0       0x2c c:/program files (x86)/atmel/atmel toolchain/arm gcc/native/4.8.1443/arm-gnu-toolchain/bin/../lib/gcc/arm-none-eabi/4.8.4/../../../../arm-none-eabi/lib/armv6-m\libc_s.a(lib_a-wsetup.o)
 .ARM.attributes
                0x000008dc       0x2c c:/program files (x86)/atmel/atmel toolchain/arm gcc/native/4.8.1443/arm-gnu-toolchain/bin/../lib/gcc/arm-none-eabi/4.8.4/../../../../arm-none-eabi/lib/armv6-m\libc_s.a(lib_a-fflush.o)
 .ARM.attributes
                0x00000908       0x2c c:/program files (x86)/atmel/atmel toolchain/arm gcc/native/4.8.1443/arm-gnu-toolchain/bin/../lib/gcc/arm-none-eabi/4.8.4/../../../../arm-none-eabi/lib/armv6-m\libc_s.a(lib_a-findfp.o)
 .ARM.attributes
                0x00000934       0x2c c:/program files (x86)/atmel/atmel toolchain/arm gcc/native/4.8.1443/arm-gnu-toolchain/bin/../lib/gcc/arm-none-eabi/4.8.4/../../../../arm-none-eabi/lib/armv6-m\libc_s.a(lib_a-makebuf.o)
 .ARM.attributes
                0x00000960       0x2c c:/program files (x86)/atmel/atmel toolchain/arm gcc/native/4.8.1443/arm-gnu-toolchain/bin/../lib/gcc/arm-none-eabi/4.8.4/../../../../arm-none-eabi/lib/armv6-m\libc_s.a(lib_a-malloc.o)
 .ARM.attributes
                0x0000098c       0x2c c:/program files (x86)/atmel/atmel toolchain/arm gcc/native/4.8.1443/arm-gnu-toolchain/bin/../lib/gcc/arm-none-eabi/4.8.4/../../../../arm-none-eabi/lib/armv6-m\libc_s.a(lib_a-memchr-stub.o)
 .ARM.attributes
                0x000009b8       0x2c c:/program files (x86)/atmel/atmel toolchain/arm gcc/native/4.8.1443/arm-gnu-toolchain/bin/../lib/gcc/arm-none-eabi/4.8.4/../../../../arm-none-eabi/lib/armv6-m\libc_s.a(lib_a-nano-freer.o)
 .ARM.attributes
                0x000009e4       0x2c c:/program files (x86)/atmel/atmel toolchain/arm gcc/native/4.8.1443/arm-gnu-toolchain/bin/../lib/gcc/arm-none-eabi/4.8.4/../../../../arm-none-eabi/lib/armv6-m\libc_s.a(lib_a-nano-mallocr.o)
 .ARM.attributes
                0x00000a10       0x2c c:/program files (x86)/atmel/atmel toolchain/arm gcc/native/4.8.1443/arm-gnu-toolchain/bin/../lib/gcc/arm-none-eabi/4.8.4/../../../../arm-none-eabi/lib/armv6-m\libc_s.a(lib_a-sbrkr.o)
 .ARM.attributes
                0x00000a3c       0x2c c:/program files (x86)/atmel/atmel toolchain/arm gcc/native/4.8.1443/arm-gnu-toolchain/bin/../lib/gcc/arm-none-eabi/4.8.4/../../../../arm-none-eabi/lib/armv6-m\libc_s.a(lib_a-stdio.o)
 .ARM.attributes
                0x00000a68       0x2c c:/program files (x86)/atmel/atmel toolchain/arm gcc/native/4.8.1443/arm-gnu-toolchain/bin/../lib/gcc/arm-none-eabi/4.8.4/../../../../arm-none-eabi/lib/armv6-m\libc_s.a(lib_a-strlen.o)
 .ARM.attributes
                0x00000a94       0x2c c:/program files (x86)/atmel/atmel toolchain/arm gcc/native/4.8.1443/arm-gnu-toolchain/bin/../lib/gcc/arm-none-eabi/4.8.4/../../../../arm-none-eabi/lib/armv6-m\libc_s.a(lib_a-writer.o)
 .ARM.attributes
                0x00000ac0       0x2c c:/program files (x86)/atmel/atmel toolchain/arm gcc/native/4.8.1443/arm-gnu-toolchain/bin/../lib/gcc/arm-none-eabi/4.8.4/../../../../arm-none-eabi/lib/armv6-m\libc_s.a(lib_a-closer.o)
 .ARM.attributes
                0x00000aec       0x2c c:/program files (x86)/atmel/atmel toolchain/arm gcc/native/4.8.1443/arm-gnu-toolchain/bin/../lib/gcc/arm-none-eabi/4.8.4/../../../../arm-none-eabi/lib/armv6-m\libc_s.a(lib_a-fstatr.o)
 .ARM.attributes
                0x00000b18       0x2c c:/program files (x86)/atmel/atmel toolchain/arm gcc/native/4.8.1443/arm-gnu-toolchain/bin/../lib/gcc/arm-none-eabi/4.8.4/../../../../arm-none-eabi/lib/armv6-m\libc_s.a(lib_a-isattyr.o)
 .ARM.attributes
                0x00000b44       0x2c c:/program files (x86)/atmel/atmel toolchain/arm gcc/native/4.8.1443/arm-gnu-toolchain/bin/../lib/gcc/arm-none-eabi/4.8.4/../../../../arm-none-eabi/lib/armv6-m\libc_s.a(lib_a-lseekr.o)
 .ARM.attributes
                0x00000b70       0x2c c:/program files (x86)/atmel/atmel toolchain/arm gcc/native/4.8.1443/arm-gnu-toolchain/bin/../lib/gcc/arm-none-eabi/4.8.4/../../../../arm-none-eabi/lib/armv6-m\libc_s.a(lib_a-readr.o)
 .ARM.attributes
                0x00000b9c       0x2c c:/program files (x86)/atmel/atmel toolchain/arm gcc/native/4.8.1443/arm-gnu-toolchain/bin/../lib/gcc/arm-none-eabi/4.8.4/../../../../arm-none-eabi/lib/armv6-m\libc_s.a(lib_a-reent.o)
 .ARM.attributes
                0x00000bc8       0x1e c:/program files (x86)/atmel/atmel toolchain/arm gcc/native/4.8.1443/arm-gnu-toolchain/bin/../lib/gcc/arm-none-eabi/4.8.4/armv6-m/crtn.o

.comment        0x00000000       0x5b
 .comment       0x00000000       0x5b src/adc_configure.o
                                 0x5c (size before relaxing)
 .comment       0x00000000       0x5c src/hitecServo.o
 .comment       0x00000000       0x5c src/ASF/sam0/drivers/tcc/tcc.o
 .comment       0x00000000       0x5c src/ASF/sam0/drivers/tcc/tcc_callback.o
 .comment       0x00000000       0x5c src/ASF/common2/services/delay/sam0/systick_counter.o
 .comment       0x00000000       0x5c src/ASF/sam0/drivers/adc/adc_sam_d_r/adc.o
 .comment       0x00000000       0x5c src/ASF/sam0/drivers/adc/adc_sam_d_r/adc_callback.o
 .comment       0x00000000       0x5c src/ASF/sam0/drivers/sercom/sercom.o
 .comment       0x00000000       0x5c src/ASF/sam0/utils/stdio/read.o
 .comment       0x00000000       0x5c src/ASF/sam0/utils/stdio/write.o
 .comment       0x00000000       0x5c src/ASF/sam0/drivers/sercom/usart/usart.o
 .comment       0x00000000       0x5c src/ASF/sam0/drivers/sercom/usart/usart_interrupt.o
 .comment       0x00000000       0x5c src/ASF/sam0/drivers/sercom/sercom_interrupt.o
 .comment       0x00000000       0x5c src/ASF/common/utils/interrupt/interrupt_sam_nvic.o
 .comment       0x00000000       0x5c src/ASF/sam0/boards/samd21_xplained_pro/board_init.o
 .comment       0x00000000       0x5c src/ASF/sam0/drivers/port/port.o
 .comment       0x00000000       0x5c src/ASF/sam0/drivers/system/clock/clock_samd21_r21/clock.o
 .comment       0x00000000       0x5c src/ASF/sam0/drivers/system/clock/clock_samd21_r21/gclk.o
 .comment       0x00000000       0x5c src/ASF/sam0/drivers/system/pinmux/pinmux.o
 .comment       0x00000000       0x5c src/ASF/sam0/drivers/system/system.o
 .comment       0x00000000       0x5c src/ASF/sam0/utils/cmsis/samd21/source/gcc/startup_samd21.o
 .comment       0x00000000       0x5c src/ASF/sam0/utils/syscalls/gcc/syscalls.o
 .comment       0x00000000       0x5c src/main.o

.debug_info     0x00000000    0x2bf49
 .debug_info    0x00000000     0x1e74 src/adc_configure.o
 .debug_info    0x00001e74     0x32e4 src/hitecServo.o
 .debug_info    0x00005158     0x42d7 src/ASF/sam0/drivers/tcc/tcc.o
 .debug_info    0x0000942f     0x2801 src/ASF/sam0/drivers/tcc/tcc_callback.o
 .debug_info    0x0000bc30      0x269 src/ASF/common2/services/delay/sam0/systick_counter.o
 .debug_info    0x0000be99     0x3382 src/ASF/sam0/drivers/adc/adc_sam_d_r/adc.o
 .debug_info    0x0000f21b     0x12d0 src/ASF/sam0/drivers/adc/adc_sam_d_r/adc_callback.o
 .debug_info    0x000104eb     0x254b src/ASF/sam0/drivers/sercom/sercom.o
 .debug_info    0x00012a36      0x1c2 src/ASF/sam0/utils/stdio/read.o
 .debug_info    0x00012bf8      0x1bf src/ASF/sam0/utils/stdio/write.o
 .debug_info    0x00012db7     0x40ab src/ASF/sam0/drivers/sercom/usart/usart.o
 .debug_info    0x00016e62     0x272b src/ASF/sam0/drivers/sercom/usart/usart_interrupt.o
 .debug_info    0x0001958d     0x2335 src/ASF/sam0/drivers/sercom/sercom_interrupt.o
 .debug_info    0x0001b8c2      0x1ec src/ASF/common/utils/interrupt/interrupt_sam_nvic.o
 .debug_info    0x0001baae      0x970 src/ASF/sam0/boards/samd21_xplained_pro/board_init.o
 .debug_info    0x0001c41e      0x968 src/ASF/sam0/drivers/port/port.o
 .debug_info    0x0001cd86     0x2d96 src/ASF/sam0/drivers/system/clock/clock_samd21_r21/clock.o
 .debug_info    0x0001fb1c     0x14ce src/ASF/sam0/drivers/system/clock/clock_samd21_r21/gclk.o
 .debug_info    0x00020fea      0xa49 src/ASF/sam0/drivers/system/pinmux/pinmux.o
 .debug_info    0x00021a33      0x16f src/ASF/sam0/drivers/system/system.o
 .debug_info    0x00021ba2     0x35ae src/ASF/sam0/utils/cmsis/samd21/source/gcc/startup_samd21.o
 .debug_info    0x00025150      0x427 src/ASF/sam0/utils/syscalls/gcc/syscalls.o
 .debug_info    0x00025577     0x69d2 src/main.o

.debug_abbrev   0x00000000     0x3a69
 .debug_abbrev  0x00000000      0x2e7 src/adc_configure.o
 .debug_abbrev  0x000002e7      0x30b src/hitecServo.o
 .debug_abbrev  0x000005f2      0x42d src/ASF/sam0/drivers/tcc/tcc.o
 .debug_abbrev  0x00000a1f      0x2f3 src/ASF/sam0/drivers/tcc/tcc_callback.o
 .debug_abbrev  0x00000d12      0x13c src/ASF/common2/services/delay/sam0/systick_counter.o
 .debug_abbrev  0x00000e4e      0x388 src/ASF/sam0/drivers/adc/adc_sam_d_r/adc.o
 .debug_abbrev  0x000011d6      0x303 src/ASF/sam0/drivers/adc/adc_sam_d_r/adc_callback.o
 .debug_abbrev  0x000014d9      0x2fd src/ASF/sam0/drivers/sercom/sercom.o
 .debug_abbrev  0x000017d6      0x108 src/ASF/sam0/utils/stdio/read.o
 .debug_abbrev  0x000018de       0xf5 src/ASF/sam0/utils/stdio/write.o
 .debug_abbrev  0x000019d3      0x3d7 src/ASF/sam0/drivers/sercom/usart/usart.o
 .debug_abbrev  0x00001daa      0x3b0 src/ASF/sam0/drivers/sercom/usart/usart_interrupt.o
 .debug_abbrev  0x0000215a      0x22c src/ASF/sam0/drivers/sercom/sercom_interrupt.o
 .debug_abbrev  0x00002386       0xf6 src/ASF/common/utils/interrupt/interrupt_sam_nvic.o
 .debug_abbrev  0x0000247c      0x22b src/ASF/sam0/boards/samd21_xplained_pro/board_init.o
 .debug_abbrev  0x000026a7      0x1da src/ASF/sam0/drivers/port/port.o
 .debug_abbrev  0x00002881      0x3bb src/ASF/sam0/drivers/system/clock/clock_samd21_r21/clock.o
 .debug_abbrev  0x00002c3c      0x327 src/ASF/sam0/drivers/system/clock/clock_samd21_r21/gclk.o
 .debug_abbrev  0x00002f63      0x287 src/ASF/sam0/drivers/system/pinmux/pinmux.o
 .debug_abbrev  0x000031ea       0xb9 src/ASF/sam0/drivers/system/system.o
 .debug_abbrev  0x000032a3      0x213 src/ASF/sam0/utils/cmsis/samd21/source/gcc/startup_samd21.o
 .debug_abbrev  0x000034b6      0x141 src/ASF/sam0/utils/syscalls/gcc/syscalls.o
 .debug_abbrev  0x000035f7      0x472 src/main.o

.debug_loc      0x00000000     0x6693
 .debug_loc     0x00000000       0x53 src/adc_configure.o
 .debug_loc     0x00000053       0x8e src/hitecServo.o
 .debug_loc     0x000000e1     0x181c src/ASF/sam0/drivers/tcc/tcc.o
 .debug_loc     0x000018fd      0x266 src/ASF/sam0/drivers/tcc/tcc_callback.o
 .debug_loc     0x00001b63       0xe4 src/ASF/common2/services/delay/sam0/systick_counter.o
 .debug_loc     0x00001c47      0x652 src/ASF/sam0/drivers/adc/adc_sam_d_r/adc.o
 .debug_loc     0x00002299      0x311 src/ASF/sam0/drivers/adc/adc_sam_d_r/adc_callback.o
 .debug_loc     0x000025aa      0x982 src/ASF/sam0/drivers/sercom/sercom.o
 .debug_loc     0x00002f2c       0xfb src/ASF/sam0/utils/stdio/read.o
 .debug_loc     0x00003027      0x140 src/ASF/sam0/utils/stdio/write.o
 .debug_loc     0x00003167      0xe4a src/ASF/sam0/drivers/sercom/usart/usart.o
 .debug_loc     0x00003fb1      0x5bf src/ASF/sam0/drivers/sercom/usart/usart_interrupt.o
 .debug_loc     0x00004570      0x16c src/ASF/sam0/drivers/sercom/sercom_interrupt.o
 .debug_loc     0x000046dc       0x1e src/ASF/common/utils/interrupt/interrupt_sam_nvic.o
 .debug_loc     0x000046fa       0x59 src/ASF/sam0/boards/samd21_xplained_pro/board_init.o
 .debug_loc     0x00004753      0x16d src/ASF/sam0/drivers/port/port.o
 .debug_loc     0x000048c0     0x1006 src/ASF/sam0/drivers/system/clock/clock_samd21_r21/clock.o
 .debug_loc     0x000058c6      0x508 src/ASF/sam0/drivers/system/clock/clock_samd21_r21/gclk.o
 .debug_loc     0x00005dce      0x2e3 src/ASF/sam0/drivers/system/pinmux/pinmux.o
 .debug_loc     0x000060b1       0x20 src/ASF/sam0/drivers/system/system.o
 .debug_loc     0x000060d1       0x7c src/ASF/sam0/utils/cmsis/samd21/source/gcc/startup_samd21.o
 .debug_loc     0x0000614d      0x112 src/ASF/sam0/utils/syscalls/gcc/syscalls.o
 .debug_loc     0x0000625f      0x434 src/main.o

.debug_aranges  0x00000000      0x618
 .debug_aranges
                0x00000000       0x20 src/adc_configure.o
 .debug_aranges
                0x00000020       0x28 src/hitecServo.o
 .debug_aranges
                0x00000048       0xb0 src/ASF/sam0/drivers/tcc/tcc.o
 .debug_aranges
                0x000000f8       0x58 src/ASF/sam0/drivers/tcc/tcc_callback.o
 .debug_aranges
                0x00000150       0x30 src/ASF/common2/services/delay/sam0/systick_counter.o
 .debug_aranges
                0x00000180       0x30 src/ASF/sam0/drivers/adc/adc_sam_d_r/adc.o
 .debug_aranges
                0x000001b0       0x48 src/ASF/sam0/drivers/adc/adc_sam_d_r/adc_callback.o
 .debug_aranges
                0x000001f8       0x40 src/ASF/sam0/drivers/sercom/sercom.o
 .debug_aranges
                0x00000238       0x20 src/ASF/sam0/utils/stdio/read.o
 .debug_aranges
                0x00000258       0x20 src/ASF/sam0/utils/stdio/write.o
 .debug_aranges
                0x00000278       0x40 src/ASF/sam0/drivers/sercom/usart/usart.o
 .debug_aranges
                0x000002b8       0x70 src/ASF/sam0/drivers/sercom/usart/usart_interrupt.o
 .debug_aranges
                0x00000328       0x60 src/ASF/sam0/drivers/sercom/sercom_interrupt.o
 .debug_aranges
                0x00000388       0x28 src/ASF/common/utils/interrupt/interrupt_sam_nvic.o
 .debug_aranges
                0x000003b0       0x20 src/ASF/sam0/boards/samd21_xplained_pro/board_init.o
 .debug_aranges
                0x000003d0       0x28 src/ASF/sam0/drivers/port/port.o
 .debug_aranges
                0x000003f8       0x78 src/ASF/sam0/drivers/system/clock/clock_samd21_r21/clock.o
 .debug_aranges
                0x00000470       0x80 src/ASF/sam0/drivers/system/clock/clock_samd21_r21/gclk.o
 .debug_aranges
                0x000004f0       0x38 src/ASF/sam0/drivers/system/pinmux/pinmux.o
 .debug_aranges
                0x00000528       0x28 src/ASF/sam0/drivers/system/system.o
 .debug_aranges
                0x00000550       0x28 src/ASF/sam0/utils/cmsis/samd21/source/gcc/startup_samd21.o
 .debug_aranges
                0x00000578       0x60 src/ASF/sam0/utils/syscalls/gcc/syscalls.o
 .debug_aranges
                0x000005d8       0x40 src/main.o

.debug_ranges   0x00000000      0x680
 .debug_ranges  0x00000000       0x10 src/adc_configure.o
 .debug_ranges  0x00000010       0x18 src/hitecServo.o
 .debug_ranges  0x00000028      0x128 src/ASF/sam0/drivers/tcc/tcc.o
 .debug_ranges  0x00000150       0x48 src/ASF/sam0/drivers/tcc/tcc_callback.o
 .debug_ranges  0x00000198       0x50 src/ASF/common2/services/delay/sam0/systick_counter.o
 .debug_ranges  0x000001e8       0x50 src/ASF/sam0/drivers/adc/adc_sam_d_r/adc.o
 .debug_ranges  0x00000238       0x38 src/ASF/sam0/drivers/adc/adc_sam_d_r/adc_callback.o
 .debug_ranges  0x00000270       0x48 src/ASF/sam0/drivers/sercom/sercom.o
 .debug_ranges  0x000002b8       0x10 src/ASF/sam0/utils/stdio/read.o
 .debug_ranges  0x000002c8       0x10 src/ASF/sam0/utils/stdio/write.o
 .debug_ranges  0x000002d8       0xf0 src/ASF/sam0/drivers/sercom/usart/usart.o
 .debug_ranges  0x000003c8       0x60 src/ASF/sam0/drivers/sercom/usart/usart_interrupt.o
 .debug_ranges  0x00000428       0x50 src/ASF/sam0/drivers/sercom/sercom_interrupt.o
 .debug_ranges  0x00000478       0x18 src/ASF/common/utils/interrupt/interrupt_sam_nvic.o
 .debug_ranges  0x00000490       0x10 src/ASF/sam0/boards/samd21_xplained_pro/board_init.o
 .debug_ranges  0x000004a0       0x18 src/ASF/sam0/drivers/port/port.o
 .debug_ranges  0x000004b8       0x68 src/ASF/sam0/drivers/system/clock/clock_samd21_r21/clock.o
 .debug_ranges  0x00000520       0x70 src/ASF/sam0/drivers/system/clock/clock_samd21_r21/gclk.o
 .debug_ranges  0x00000590       0x28 src/ASF/sam0/drivers/system/pinmux/pinmux.o
 .debug_ranges  0x000005b8       0x18 src/ASF/sam0/drivers/system/system.o
 .debug_ranges  0x000005d0       0x18 src/ASF/sam0/utils/cmsis/samd21/source/gcc/startup_samd21.o
 .debug_ranges  0x000005e8       0x50 src/ASF/sam0/utils/syscalls/gcc/syscalls.o
 .debug_ranges  0x00000638       0x48 src/main.o

.debug_macro    0x00000000    0x1b597
 .debug_macro   0x00000000      0x5ae src/adc_configure.o
 .debug_macro   0x000005ae      0x844 src/adc_configure.o
 .debug_macro   0x00000df2      0x166 src/adc_configure.o
 .debug_macro   0x00000f58      0x4d1 src/adc_configure.o
 .debug_macro   0x00001429       0x16 src/adc_configure.o
 .debug_macro   0x0000143f       0x44 src/adc_configure.o
 .debug_macro   0x00001483      0x209 src/adc_configure.o
 .debug_macro   0x0000168c       0x10 src/adc_configure.o
 .debug_macro   0x0000169c       0x76 src/adc_configure.o
 .debug_macro   0x00001712       0x16 src/adc_configure.o
 .debug_macro   0x00001728      0x6e5 src/adc_configure.o
 .debug_macro   0x00001e0d      0xde2 src/adc_configure.o
 .debug_macro   0x00002bef       0x22 src/adc_configure.o
 .debug_macro   0x00002c11       0x40 src/adc_configure.o
 .debug_macro   0x00002c51       0x3a src/adc_configure.o
 .debug_macro   0x00002c8b      0x24f src/adc_configure.o
 .debug_macro   0x00002eda      0x682 src/adc_configure.o
 .debug_macro   0x0000355c      0x8c1 src/adc_configure.o
 .debug_macro   0x00003e1d      0x235 src/adc_configure.o
 .debug_macro   0x00004052      0xd6d src/adc_configure.o
 .debug_macro   0x00004dbf      0x4ce src/adc_configure.o
 .debug_macro   0x0000528d      0x9fb src/adc_configure.o
 .debug_macro   0x00005c88      0x82e src/adc_configure.o
 .debug_macro   0x000064b6      0x462 src/adc_configure.o
 .debug_macro   0x00006918       0x5e src/adc_configure.o
 .debug_macro   0x00006976      0x907 src/adc_configure.o
 .debug_macro   0x0000727d      0x226 src/adc_configure.o
 .debug_macro   0x000074a3      0x913 src/adc_configure.o
 .debug_macro   0x00007db6       0x5e src/adc_configure.o
 .debug_macro   0x00007e14      0x636 src/adc_configure.o
 .debug_macro   0x0000844a      0x3b8 src/adc_configure.o
 .debug_macro   0x00008802      0xc55 src/adc_configure.o
 .debug_macro   0x00009457     0x1093 src/adc_configure.o
 .debug_macro   0x0000a4ea      0xc4a src/adc_configure.o
 .debug_macro   0x0000b134      0x6c2 src/adc_configure.o
 .debug_macro   0x0000b7f6     0x1b4e src/adc_configure.o
 .debug_macro   0x0000d344     0x144d src/adc_configure.o
 .debug_macro   0x0000e791      0x351 src/adc_configure.o
 .debug_macro   0x0000eae2       0x7c src/adc_configure.o
 .debug_macro   0x0000eb5e       0xa0 src/adc_configure.o
 .debug_macro   0x0000ebfe       0x4c src/adc_configure.o
 .debug_macro   0x0000ec4a       0xca src/adc_configure.o
 .debug_macro   0x0000ed14       0x94 src/adc_configure.o
 .debug_macro   0x0000eda8       0x58 src/adc_configure.o
 .debug_macro   0x0000ee00      0x367 src/adc_configure.o
 .debug_macro   0x0000f167       0x82 src/adc_configure.o
 .debug_macro   0x0000f1e9      0x19a src/adc_configure.o
 .debug_macro   0x0000f383       0xb8 src/adc_configure.o
 .debug_macro   0x0000f43b       0xa0 src/adc_configure.o
 .debug_macro   0x0000f4db       0xb8 src/adc_configure.o
 .debug_macro   0x0000f593       0x1c src/adc_configure.o
 .debug_macro   0x0000f5af       0x1c src/adc_configure.o
 .debug_macro   0x0000f5cb       0x1c src/adc_configure.o
 .debug_macro   0x0000f5e7       0x7c src/adc_configure.o
 .debug_macro   0x0000f663      0x164 src/adc_configure.o
 .debug_macro   0x0000f7c7       0xdc src/adc_configure.o
 .debug_macro   0x0000f8a3      0x132 src/adc_configure.o
 .debug_macro   0x0000f9d5      0x132 src/adc_configure.o
 .debug_macro   0x0000fb07      0x132 src/adc_configure.o
 .debug_macro   0x0000fc39      0x132 src/adc_configure.o
 .debug_macro   0x0000fd6b      0x132 src/adc_configure.o
 .debug_macro   0x0000fe9d      0x132 src/adc_configure.o
 .debug_macro   0x0000ffcf      0x11e src/adc_configure.o
 .debug_macro   0x000100ed       0xe2 src/adc_configure.o
 .debug_macro   0x000101cf       0xe2 src/adc_configure.o
 .debug_macro   0x000102b1       0xe2 src/adc_configure.o
 .debug_macro   0x00010393       0xe2 src/adc_configure.o
 .debug_macro   0x00010475       0xe2 src/adc_configure.o
 .debug_macro   0x00010557      0x12f src/adc_configure.o
 .debug_macro   0x00010686      0x100 src/adc_configure.o
 .debug_macro   0x00010786       0xf4 src/adc_configure.o
 .debug_macro   0x0001087a      0x40f src/adc_configure.o
 .debug_macro   0x00010c89       0x40 src/adc_configure.o
 .debug_macro   0x00010cc9      0x37d src/adc_configure.o
 .debug_macro   0x00011046     0x1e5c src/adc_configure.o
 .debug_macro   0x00012ea2       0x51 src/adc_configure.o
 .debug_macro   0x00012ef3       0x58 src/adc_configure.o
 .debug_macro   0x00012f4b       0x35 src/adc_configure.o
 .debug_macro   0x00012f80       0xa3 src/adc_configure.o
 .debug_macro   0x00013023       0x16 src/adc_configure.o
 .debug_macro   0x00013039       0x35 src/adc_configure.o
 .debug_macro   0x0001306e       0x10 src/adc_configure.o
 .debug_macro   0x0001307e       0x52 src/adc_configure.o
 .debug_macro   0x000130d0       0x16 src/adc_configure.o
 .debug_macro   0x000130e6       0x43 src/adc_configure.o
 .debug_macro   0x00013129      0x180 src/adc_configure.o
 .debug_macro   0x000132a9       0x10 src/adc_configure.o
 .debug_macro   0x000132b9       0x22 src/adc_configure.o
 .debug_macro   0x000132db       0xbd src/adc_configure.o
 .debug_macro   0x00013398       0x16 src/adc_configure.o
 .debug_macro   0x000133ae      0x16c src/adc_configure.o
 .debug_macro   0x0001351a       0x16 src/adc_configure.o
 .debug_macro   0x00013530       0x16 src/adc_configure.o
 .debug_macro   0x00013546       0x29 src/adc_configure.o
 .debug_macro   0x0001356f       0x51 src/adc_configure.o
 .debug_macro   0x000135c0       0x3f src/adc_configure.o
 .debug_macro   0x000135ff      0x3df src/adc_configure.o
 .debug_macro   0x000139de       0x11 src/adc_configure.o
 .debug_macro   0x000139ef       0x11 src/adc_configure.o
 .debug_macro   0x00013a00       0x2e src/adc_configure.o
 .debug_macro   0x00013a2e       0x19 src/adc_configure.o
 .debug_macro   0x00013a47       0x1c src/adc_configure.o
 .debug_macro   0x00013a63       0x16 src/adc_configure.o
 .debug_macro   0x00013a79      0x248 src/adc_configure.o
 .debug_macro   0x00013cc1      0x9f7 src/adc_configure.o
 .debug_macro   0x000146b8       0x18 src/adc_configure.o
 .debug_macro   0x000146d0       0xb2 src/adc_configure.o
 .debug_macro   0x00014782       0x10 src/adc_configure.o
 .debug_macro   0x00014792       0x57 src/adc_configure.o
 .debug_macro   0x000147e9       0x8f src/adc_configure.o
 .debug_macro   0x00014878      0x5b8 src/hitecServo.o
 .debug_macro   0x00014e30       0x1c src/hitecServo.o
 .debug_macro   0x00014e4c      0x5b1 src/ASF/sam0/drivers/tcc/tcc.o
 .debug_macro   0x000153fd       0x19 src/ASF/sam0/drivers/tcc/tcc.o
 .debug_macro   0x00015416       0x74 src/ASF/sam0/drivers/tcc/tcc.o
 .debug_macro   0x0001548a      0x4e4 src/ASF/sam0/drivers/tcc/tcc_callback.o
 .debug_macro   0x0001596e      0x4a5 src/ASF/common2/services/delay/sam0/systick_counter.o
 .debug_macro   0x00015e13       0x16 src/ASF/common2/services/delay/sam0/systick_counter.o
 .debug_macro   0x00015e29      0x4ea src/ASF/sam0/drivers/adc/adc_sam_d_r/adc.o
 .debug_macro   0x00016313      0x4ed src/ASF/sam0/drivers/adc/adc_sam_d_r/adc_callback.o
 .debug_macro   0x00016800      0x4f8 src/ASF/sam0/drivers/sercom/sercom.o
 .debug_macro   0x00016cf8      0x46a src/ASF/sam0/utils/stdio/read.o
 .debug_macro   0x00017162      0x46a src/ASF/sam0/utils/stdio/write.o
 .debug_macro   0x000175cc      0x509 src/ASF/sam0/drivers/sercom/usart/usart.o
 .debug_macro   0x00017ad5       0x51 src/ASF/sam0/drivers/sercom/usart/usart.o
 .debug_macro   0x00017b26      0x509 src/ASF/sam0/drivers/sercom/usart/usart_interrupt.o
 .debug_macro   0x0001802f      0x4f5 src/ASF/sam0/drivers/sercom/sercom_interrupt.o
 .debug_macro   0x00018524      0x46a src/ASF/common/utils/interrupt/interrupt_sam_nvic.o
 .debug_macro   0x0001898e      0x4a6 src/ASF/sam0/boards/samd21_xplained_pro/board_init.o
 .debug_macro   0x00018e34       0x12 src/ASF/sam0/boards/samd21_xplained_pro/board_init.o
 .debug_macro   0x00018e46      0x484 src/ASF/sam0/drivers/port/port.o
 .debug_macro   0x000192ca      0x4dc src/ASF/sam0/drivers/system/clock/clock_samd21_r21/clock.o
 .debug_macro   0x000197a6      0x26c src/ASF/sam0/drivers/system/clock/clock_samd21_r21/clock.o
 .debug_macro   0x00019a12      0x4a0 src/ASF/sam0/drivers/system/clock/clock_samd21_r21/gclk.o
 .debug_macro   0x00019eb2      0x47c src/ASF/sam0/drivers/system/pinmux/pinmux.o
 .debug_macro   0x0001a32e      0x4ae src/ASF/sam0/drivers/system/system.o
 .debug_macro   0x0001a7dc      0x2d7 src/ASF/sam0/utils/cmsis/samd21/source/gcc/startup_samd21.o
 .debug_macro   0x0001aab3       0x3a src/ASF/sam0/utils/cmsis/samd21/source/gcc/startup_samd21.o
 .debug_macro   0x0001aaed      0x129 src/ASF/sam0/utils/syscalls/gcc/syscalls.o
 .debug_macro   0x0001ac16       0x97 src/ASF/sam0/utils/syscalls/gcc/syscalls.o
 .debug_macro   0x0001acad       0xef src/ASF/sam0/utils/syscalls/gcc/syscalls.o
 .debug_macro   0x0001ad9c       0x4a src/ASF/sam0/utils/syscalls/gcc/syscalls.o
 .debug_macro   0x0001ade6       0x52 src/ASF/sam0/utils/syscalls/gcc/syscalls.o
 .debug_macro   0x0001ae38       0x16 src/ASF/sam0/utils/syscalls/gcc/syscalls.o
 .debug_macro   0x0001ae4e       0x10 src/ASF/sam0/utils/syscalls/gcc/syscalls.o
 .debug_macro   0x0001ae5e       0x41 src/ASF/sam0/utils/syscalls/gcc/syscalls.o
 .debug_macro   0x0001ae9f      0x120 src/ASF/sam0/utils/syscalls/gcc/syscalls.o
 .debug_macro   0x0001afbf      0x5c2 src/main.o
 .debug_macro   0x0001b581       0x16 src/main.o

.debug_line     0x00000000     0xf032
 .debug_line    0x00000000      0xd5c src/adc_configure.o
 .debug_line    0x00000d5c      0xd5d src/hitecServo.o
 .debug_line    0x00001ab9      0xd75 src/ASF/sam0/drivers/tcc/tcc.o
 .debug_line    0x0000282e      0xa46 src/ASF/sam0/drivers/tcc/tcc_callback.o
 .debug_line    0x00003274      0x963 src/ASF/common2/services/delay/sam0/systick_counter.o
 .debug_line    0x00003bd7      0xc78 src/ASF/sam0/drivers/adc/adc_sam_d_r/adc.o
 .debug_line    0x0000484f      0xb7d src/ASF/sam0/drivers/adc/adc_sam_d_r/adc_callback.o
 .debug_line    0x000053cc      0xb56 src/ASF/sam0/drivers/sercom/sercom.o
 .debug_line    0x00005f22      0x846 src/ASF/sam0/utils/stdio/read.o
 .debug_line    0x00006768      0x83c src/ASF/sam0/utils/stdio/write.o
 .debug_line    0x00006fa4      0xc95 src/ASF/sam0/drivers/sercom/usart/usart.o
 .debug_line    0x00007c39      0xc03 src/ASF/sam0/drivers/sercom/usart/usart_interrupt.o
 .debug_line    0x0000883c      0xb08 src/ASF/sam0/drivers/sercom/sercom_interrupt.o
 .debug_line    0x00009344      0x868 src/ASF/common/utils/interrupt/interrupt_sam_nvic.o
 .debug_line    0x00009bac      0x911 src/ASF/sam0/boards/samd21_xplained_pro/board_init.o
 .debug_line    0x0000a4bd      0x896 src/ASF/sam0/drivers/port/port.o
 .debug_line    0x0000ad53      0xbeb src/ASF/sam0/drivers/system/clock/clock_samd21_r21/clock.o
 .debug_line    0x0000b93e      0xc0c src/ASF/sam0/drivers/system/clock/clock_samd21_r21/gclk.o
 .debug_line    0x0000c54a      0x8b4 src/ASF/sam0/drivers/system/pinmux/pinmux.o
 .debug_line    0x0000cdfe      0x981 src/ASF/sam0/drivers/system/system.o
 .debug_line    0x0000d77f      0x669 src/ASF/sam0/utils/cmsis/samd21/source/gcc/startup_samd21.o
 .debug_line    0x0000dde8      0x39d src/ASF/sam0/utils/syscalls/gcc/syscalls.o
 .debug_line    0x0000e185      0xead src/main.o

.debug_str      0x00000000    0x8cb2d
 .debug_str     0x00000000    0x83d78 src/adc_configure.o
                              0x84761 (size before relaxing)
 .debug_str     0x00083d78     0x1541 src/hitecServo.o
                              0x848b6 (size before relaxing)
 .debug_str     0x000852b9     0x161d src/ASF/sam0/drivers/tcc/tcc.o
                              0x81b79 (size before relaxing)
 .debug_str     0x000868d6      0x1be src/ASF/sam0/drivers/tcc/tcc_callback.o
                              0x800a0 (size before relaxing)
 .debug_str     0x00086a94       0x9f src/ASF/common2/services/delay/sam0/systick_counter.o
                              0x7e8d3 (size before relaxing)
 .debug_str     0x00086b33      0x510 src/ASF/sam0/drivers/adc/adc_sam_d_r/adc.o
                              0x805c2 (size before relaxing)
 .debug_str     0x00087043      0x16b src/ASF/sam0/drivers/adc/adc_sam_d_r/adc_callback.o
                              0x7f430 (size before relaxing)
 .debug_str     0x000871ae      0x994 src/ASF/sam0/drivers/sercom/sercom.o
                              0x7fda1 (size before relaxing)
 .debug_str     0x00087b42       0x2a src/ASF/sam0/utils/stdio/read.o
                              0x7e6e1 (size before relaxing)
 .debug_str     0x00087b6c       0x24 src/ASF/sam0/utils/stdio/write.o
                              0x7e6e3 (size before relaxing)
 .debug_str     0x00087b90      0xa26 src/ASF/sam0/drivers/sercom/usart/usart.o
                              0x80a62 (size before relaxing)
 .debug_str     0x000885b6      0x17c src/ASF/sam0/drivers/sercom/usart/usart_interrupt.o
                              0x7fd50 (size before relaxing)
 .debug_str     0x00088732      0x189 src/ASF/sam0/drivers/sercom/sercom_interrupt.o
                              0x7fc4c (size before relaxing)
 .debug_str     0x000888bb       0x94 src/ASF/common/utils/interrupt/interrupt_sam_nvic.o
                              0x7e734 (size before relaxing)
 .debug_str     0x0008894f      0x2ed src/ASF/sam0/boards/samd21_xplained_pro/board_init.o
                              0x82237 (size before relaxing)
 .debug_str     0x00088c3c       0x53 src/ASF/sam0/drivers/port/port.o
                              0x7eafe (size before relaxing)
 .debug_str     0x00088c8f     0x22cf src/ASF/sam0/drivers/system/clock/clock_samd21_r21/clock.o
                              0x816a0 (size before relaxing)
 .debug_str     0x0008af5e      0x2ca src/ASF/sam0/drivers/system/clock/clock_samd21_r21/gclk.o
                              0x7f383 (size before relaxing)
 .debug_str     0x0008b228      0x130 src/ASF/sam0/drivers/system/pinmux/pinmux.o
                              0x7eb2b (size before relaxing)
 .debug_str     0x0008b358       0x47 src/ASF/sam0/drivers/system/system.o
                              0x7e7b9 (size before relaxing)
 .debug_str     0x0008b39f      0xeec src/ASF/sam0/utils/cmsis/samd21/source/gcc/startup_samd21.o
                              0x6d7a1 (size before relaxing)
 .debug_str     0x0008c28b      0x734 src/ASF/sam0/utils/syscalls/gcc/syscalls.o
                               0x4e4e (size before relaxing)
 .debug_str     0x0008c9bf      0x16e src/main.o
                              0x86173 (size before relaxing)

.debug_frame    0x00000000     0x1720
 .debug_frame   0x00000000       0x2c src/adc_configure.o
 .debug_frame   0x0000002c       0x48 src/hitecServo.o
 .debug_frame   0x00000074      0x228 src/ASF/sam0/drivers/tcc/tcc.o
 .debug_frame   0x0000029c       0xd4 src/ASF/sam0/drivers/tcc/tcc_callback.o
 .debug_frame   0x00000370       0x60 src/ASF/common2/services/delay/sam0/systick_counter.o
 .debug_frame   0x000003d0       0x70 src/ASF/sam0/drivers/adc/adc_sam_d_r/adc.o
 .debug_frame   0x00000440       0x84 src/ASF/sam0/drivers/adc/adc_sam_d_r/adc_callback.o
 .debug_frame   0x000004c4       0xa0 src/ASF/sam0/drivers/sercom/sercom.o
 .debug_frame   0x00000564       0x34 src/ASF/sam0/utils/stdio/read.o
 .debug_frame   0x00000598       0x34 src/ASF/sam0/utils/stdio/write.o
 .debug_frame   0x000005cc       0xc0 src/ASF/sam0/drivers/sercom/usart/usart.o
 .debug_frame   0x0000068c       0xe8 src/ASF/sam0/drivers/sercom/usart/usart_interrupt.o
 .debug_frame   0x00000774       0xec src/ASF/sam0/drivers/sercom/sercom_interrupt.o
 .debug_frame   0x00000860       0x30 src/ASF/common/utils/interrupt/interrupt_sam_nvic.o
 .debug_frame   0x00000890       0x30 src/ASF/sam0/boards/samd21_xplained_pro/board_init.o
 .debug_frame   0x000008c0       0x44 src/ASF/sam0/drivers/port/port.o
 .debug_frame   0x00000904      0x158 src/ASF/sam0/drivers/system/clock/clock_samd21_r21/clock.o
 .debug_frame   0x00000a5c      0x14c src/ASF/sam0/drivers/system/clock/clock_samd21_r21/gclk.o
 .debug_frame   0x00000ba8       0x7c src/ASF/sam0/drivers/system/pinmux/pinmux.o
 .debug_frame   0x00000c24       0x38 src/ASF/sam0/drivers/system/system.o
 .debug_frame   0x00000c5c       0x3c src/ASF/sam0/utils/cmsis/samd21/source/gcc/startup_samd21.o
 .debug_frame   0x00000c98       0xa8 src/ASF/sam0/utils/syscalls/gcc/syscalls.o
 .debug_frame   0x00000d40       0xac src/main.o
 .debug_frame   0x00000dec       0x20 c:/program files (x86)/atmel/atmel toolchain/arm gcc/native/4.8.1443/arm-gnu-toolchain/bin/../lib/gcc/arm-none-eabi/4.8.4/armv6-m\libgcc.a(_udivsi3.o)
 .debug_frame   0x00000e0c       0x30 c:/program files (x86)/atmel/atmel toolchain/arm gcc/native/4.8.1443/arm-gnu-toolchain/bin/../lib/gcc/arm-none-eabi/4.8.4/armv6-m\libgcc.a(_muldi3.o)
 .debug_frame   0x00000e3c       0x28 c:/program files (x86)/atmel/atmel toolchain/arm gcc/native/4.8.1443/arm-gnu-toolchain/bin/../lib/gcc/arm-none-eabi/4.8.4/armv6-m\libgcc.a(_fixunssfsi.o)
 .debug_frame   0x00000e64       0x30 c:/program files (x86)/atmel/atmel toolchain/arm gcc/native/4.8.1443/arm-gnu-toolchain/bin/../lib/gcc/arm-none-eabi/4.8.4/armv6-m\libgcc.a(addsf3.o)
 .debug_frame   0x00000e94       0x3c c:/program files (x86)/atmel/atmel toolchain/arm gcc/native/4.8.1443/arm-gnu-toolchain/bin/../lib/gcc/arm-none-eabi/4.8.4/armv6-m\libgcc.a(mulsf3.o)
 .debug_frame   0x00000ed0       0x30 c:/program files (x86)/atmel/atmel toolchain/arm gcc/native/4.8.1443/arm-gnu-toolchain/bin/../lib/gcc/arm-none-eabi/4.8.4/armv6-m\libgcc.a(subsf3.o)
 .debug_frame   0x00000f00       0x20 c:/program files (x86)/atmel/atmel toolchain/arm gcc/native/4.8.1443/arm-gnu-toolchain/bin/../lib/gcc/arm-none-eabi/4.8.4/armv6-m\libgcc.a(fixsfsi.o)
 .debug_frame   0x00000f20       0x2c c:/program files (x86)/atmel/atmel toolchain/arm gcc/native/4.8.1443/arm-gnu-toolchain/bin/../lib/gcc/arm-none-eabi/4.8.4/armv6-m\libgcc.a(floatsisf.o)
 .debug_frame   0x00000f4c       0x2c c:/program files (x86)/atmel/atmel toolchain/arm gcc/native/4.8.1443/arm-gnu-toolchain/bin/../lib/gcc/arm-none-eabi/4.8.4/armv6-m\libgcc.a(eqsf2.o)
 .debug_frame   0x00000f78       0x30 c:/program files (x86)/atmel/atmel toolchain/arm gcc/native/4.8.1443/arm-gnu-toolchain/bin/../lib/gcc/arm-none-eabi/4.8.4/armv6-m\libgcc.a(gesf2.o)
 .debug_frame   0x00000fa8       0x30 c:/program files (x86)/atmel/atmel toolchain/arm gcc/native/4.8.1443/arm-gnu-toolchain/bin/../lib/gcc/arm-none-eabi/4.8.4/armv6-m\libgcc.a(lesf2.o)
 .debug_frame   0x00000fd8       0x2c c:/program files (x86)/atmel/atmel toolchain/arm gcc/native/4.8.1443/arm-gnu-toolchain/bin/../lib/gcc/arm-none-eabi/4.8.4/../../../../arm-none-eabi/lib/armv6-m\libc_s.a(lib_a-init.o)
 .debug_frame   0x00001004       0x28 c:/program files (x86)/atmel/atmel toolchain/arm gcc/native/4.8.1443/arm-gnu-toolchain/bin/../lib/gcc/arm-none-eabi/4.8.4/../../../../arm-none-eabi/lib/armv6-m\libc_s.a(lib_a-memcpy-stub.o)
 .debug_frame   0x0000102c       0x20 c:/program files (x86)/atmel/atmel toolchain/arm gcc/native/4.8.1443/arm-gnu-toolchain/bin/../lib/gcc/arm-none-eabi/4.8.4/../../../../arm-none-eabi/lib/armv6-m\libc_s.a(lib_a-memset.o)
 .debug_frame   0x0000104c       0x50 c:/program files (x86)/atmel/atmel toolchain/arm gcc/native/4.8.1443/arm-gnu-toolchain/bin/../lib/gcc/arm-none-eabi/4.8.4/../../../../arm-none-eabi/lib/armv6-m\libc_s.a(lib_a-printf.o)
 .debug_frame   0x0000109c       0x28 c:/program files (x86)/atmel/atmel toolchain/arm gcc/native/4.8.1443/arm-gnu-toolchain/bin/../lib/gcc/arm-none-eabi/4.8.4/../../../../arm-none-eabi/lib/armv6-m\libc_s.a(lib_a-setbuf.o)
 .debug_frame   0x000010c4       0x34 c:/program files (x86)/atmel/atmel toolchain/arm gcc/native/4.8.1443/arm-gnu-toolchain/bin/../lib/gcc/arm-none-eabi/4.8.4/../../../../arm-none-eabi/lib/armv6-m\libc_s.a(lib_a-setvbuf.o)
 .debug_frame   0x000010f8       0xa0 c:/program files (x86)/atmel/atmel toolchain/arm gcc/native/4.8.1443/arm-gnu-toolchain/bin/../lib/gcc/arm-none-eabi/4.8.4/../../../../arm-none-eabi/lib/armv6-m\libc_s.a(lib_a-vfprintf.o)
 .debug_frame   0x00001198       0x54 c:/program files (x86)/atmel/atmel toolchain/arm gcc/native/4.8.1443/arm-gnu-toolchain/bin/../lib/gcc/arm-none-eabi/4.8.4/../../../../arm-none-eabi/lib/armv6-m\libc_s.a(lib_a-vfprintf_i.o)
 .debug_frame   0x000011ec       0x44 c:/program files (x86)/atmel/atmel toolchain/arm gcc/native/4.8.1443/arm-gnu-toolchain/bin/../lib/gcc/arm-none-eabi/4.8.4/../../../../arm-none-eabi/lib/armv6-m\libc_s.a(lib_a-wbuf.o)
 .debug_frame   0x00001230       0x2c c:/program files (x86)/atmel/atmel toolchain/arm gcc/native/4.8.1443/arm-gnu-toolchain/bin/../lib/gcc/arm-none-eabi/4.8.4/../../../../arm-none-eabi/lib/armv6-m\libc_s.a(lib_a-wsetup.o)
 .debug_frame   0x0000125c       0x68 c:/program files (x86)/atmel/atmel toolchain/arm gcc/native/4.8.1443/arm-gnu-toolchain/bin/../lib/gcc/arm-none-eabi/4.8.4/../../../../arm-none-eabi/lib/armv6-m\libc_s.a(lib_a-fflush.o)
 .debug_frame   0x000012c4      0x148 c:/program files (x86)/atmel/atmel toolchain/arm gcc/native/4.8.1443/arm-gnu-toolchain/bin/../lib/gcc/arm-none-eabi/4.8.4/../../../../arm-none-eabi/lib/armv6-m\libc_s.a(lib_a-findfp.o)
 .debug_frame   0x0000140c       0x30 c:/program files (x86)/atmel/atmel toolchain/arm gcc/native/4.8.1443/arm-gnu-toolchain/bin/../lib/gcc/arm-none-eabi/4.8.4/../../../../arm-none-eabi/lib/armv6-m\libc_s.a(lib_a-makebuf.o)
 .debug_frame   0x0000143c       0x40 c:/program files (x86)/atmel/atmel toolchain/arm gcc/native/4.8.1443/arm-gnu-toolchain/bin/../lib/gcc/arm-none-eabi/4.8.4/../../../../arm-none-eabi/lib/armv6-m\libc_s.a(lib_a-malloc.o)
 .debug_frame   0x0000147c       0x20 c:/program files (x86)/atmel/atmel toolchain/arm gcc/native/4.8.1443/arm-gnu-toolchain/bin/../lib/gcc/arm-none-eabi/4.8.4/../../../../arm-none-eabi/lib/armv6-m\libc_s.a(lib_a-memchr-stub.o)
 .debug_frame   0x0000149c       0x2c c:/program files (x86)/atmel/atmel toolchain/arm gcc/native/4.8.1443/arm-gnu-toolchain/bin/../lib/gcc/arm-none-eabi/4.8.4/../../../../arm-none-eabi/lib/armv6-m\libc_s.a(lib_a-nano-freer.o)
 .debug_frame   0x000014c8       0x2c c:/program files (x86)/atmel/atmel toolchain/arm gcc/native/4.8.1443/arm-gnu-toolchain/bin/../lib/gcc/arm-none-eabi/4.8.4/../../../../arm-none-eabi/lib/armv6-m\libc_s.a(lib_a-nano-mallocr.o)
 .debug_frame   0x000014f4       0x2c c:/program files (x86)/atmel/atmel toolchain/arm gcc/native/4.8.1443/arm-gnu-toolchain/bin/../lib/gcc/arm-none-eabi/4.8.4/../../../../arm-none-eabi/lib/armv6-m\libc_s.a(lib_a-sbrkr.o)
 .debug_frame   0x00001520       0x90 c:/program files (x86)/atmel/atmel toolchain/arm gcc/native/4.8.1443/arm-gnu-toolchain/bin/../lib/gcc/arm-none-eabi/4.8.4/../../../../arm-none-eabi/lib/armv6-m\libc_s.a(lib_a-stdio.o)
 .debug_frame   0x000015b0       0x20 c:/program files (x86)/atmel/atmel toolchain/arm gcc/native/4.8.1443/arm-gnu-toolchain/bin/../lib/gcc/arm-none-eabi/4.8.4/../../../../arm-none-eabi/lib/armv6-m\libc_s.a(lib_a-strlen.o)
 .debug_frame   0x000015d0       0x2c c:/program files (x86)/atmel/atmel toolchain/arm gcc/native/4.8.1443/arm-gnu-toolchain/bin/../lib/gcc/arm-none-eabi/4.8.4/../../../../arm-none-eabi/lib/armv6-m\libc_s.a(lib_a-writer.o)
 .debug_frame   0x000015fc       0x2c c:/program files (x86)/atmel/atmel toolchain/arm gcc/native/4.8.1443/arm-gnu-toolchain/bin/../lib/gcc/arm-none-eabi/4.8.4/../../../../arm-none-eabi/lib/armv6-m\libc_s.a(lib_a-closer.o)
 .debug_frame   0x00001628       0x2c c:/program files (x86)/atmel/atmel toolchain/arm gcc/native/4.8.1443/arm-gnu-toolchain/bin/../lib/gcc/arm-none-eabi/4.8.4/../../../../arm-none-eabi/lib/armv6-m\libc_s.a(lib_a-fstatr.o)
 .debug_frame   0x00001654       0x2c c:/program files (x86)/atmel/atmel toolchain/arm gcc/native/4.8.1443/arm-gnu-toolchain/bin/../lib/gcc/arm-none-eabi/4.8.4/../../../../arm-none-eabi/lib/armv6-m\libc_s.a(lib_a-isattyr.o)
 .debug_frame   0x00001680       0x2c c:/program files (x86)/atmel/atmel toolchain/arm gcc/native/4.8.1443/arm-gnu-toolchain/bin/../lib/gcc/arm-none-eabi/4.8.4/../../../../arm-none-eabi/lib/armv6-m\libc_s.a(lib_a-lseekr.o)
 .debug_frame   0x000016ac       0x2c c:/program files (x86)/atmel/atmel toolchain/arm gcc/native/4.8.1443/arm-gnu-toolchain/bin/../lib/gcc/arm-none-eabi/4.8.4/../../../../arm-none-eabi/lib/armv6-m\libc_s.a(lib_a-readr.o)
 .debug_frame   0x000016d8       0x48 c:/program files (x86)/atmel/atmel toolchain/arm gcc/native/4.8.1443/arm-gnu-toolchain/bin/../lib/gcc/arm-none-eabi/4.8.4/../../../../arm-none-eabi/lib/armv6-m\libc_s.a(lib_a-reent.o)

Cross Reference Table

Symbol                                            File
AC_Handler                                        src/ASF/sam0/utils/cmsis/samd21/source/gcc/startup_samd21.o
ADC_Handler                                       src/ASF/sam0/drivers/adc/adc_sam_d_r/adc_callback.o
DAC_Handler                                       src/ASF/sam0/utils/cmsis/samd21/source/gcc/startup_samd21.o
DMAC_Handler                                      src/ASF/sam0/utils/cmsis/samd21/source/gcc/startup_samd21.o
Dummy_Handler                                     src/ASF/sam0/utils/cmsis/samd21/source/gcc/startup_samd21.o
EIC_Handler                                       src/ASF/sam0/utils/cmsis/samd21/source/gcc/startup_samd21.o
EVSYS_Handler                                     src/ASF/sam0/utils/cmsis/samd21/source/gcc/startup_samd21.o
HardFault_Handler                                 src/ASF/sam0/utils/cmsis/samd21/source/gcc/startup_samd21.o
I2S_Handler                                       src/ASF/sam0/utils/cmsis/samd21/source/gcc/startup_samd21.o
NMI_Handler                                       src/ASF/sam0/utils/cmsis/samd21/source/gcc/startup_samd21.o
NVMCTRL_Handler                                   src/ASF/sam0/utils/cmsis/samd21/source/gcc/startup_samd21.o
PM_Handler                                        src/ASF/sam0/utils/cmsis/samd21/source/gcc/startup_samd21.o